Archive member included to satisfy reference by file (symbol)

C:/Users/PC/.pico-sdk/toolchain/13_2_Rel1/bin/../lib/gcc/arm-none-eabi/13.2.1/thumb/v6-m/nofp\libgcc.a(_dvmd_tls.o)
                              CMakeFiles/blink.dir/C_/Users/PC/.pico-sdk/sdk/1.5.1/src/rp2_common/pico_divider/divider.S.obj (__aeabi_idiv0)
C:/Users/PC/.pico-sdk/toolchain/13_2_Rel1/bin/../lib/gcc/arm-none-eabi/13.2.1/thumb/v6-m/nofp\libc.a(libc_a-calloc.o)
                              CMakeFiles/blink.dir/C_/Users/PC/.pico-sdk/sdk/1.5.1/src/rp2_common/pico_malloc/pico_malloc.c.obj (calloc)
C:/Users/PC/.pico-sdk/toolchain/13_2_Rel1/bin/../lib/gcc/arm-none-eabi/13.2.1/thumb/v6-m/nofp\libc.a(libc_a-callocr.o)
                              C:/Users/PC/.pico-sdk/toolchain/13_2_Rel1/bin/../lib/gcc/arm-none-eabi/13.2.1/thumb/v6-m/nofp\libc.a(libc_a-calloc.o) (_calloc_r)
C:/Users/PC/.pico-sdk/toolchain/13_2_Rel1/bin/../lib/gcc/arm-none-eabi/13.2.1/thumb/v6-m/nofp\libc.a(libc_a-malloc.o)
                              CMakeFiles/blink.dir/C_/Users/PC/.pico-sdk/sdk/1.5.1/src/rp2_common/pico_malloc/pico_malloc.c.obj (malloc)
C:/Users/PC/.pico-sdk/toolchain/13_2_Rel1/bin/../lib/gcc/arm-none-eabi/13.2.1/thumb/v6-m/nofp\libc.a(libc_a-mallocr.o)
                              C:/Users/PC/.pico-sdk/toolchain/13_2_Rel1/bin/../lib/gcc/arm-none-eabi/13.2.1/thumb/v6-m/nofp\libc.a(libc_a-callocr.o) (_malloc_r)
C:/Users/PC/.pico-sdk/toolchain/13_2_Rel1/bin/../lib/gcc/arm-none-eabi/13.2.1/thumb/v6-m/nofp\libc.a(libc_a-mlock.o)
                              C:/Users/PC/.pico-sdk/toolchain/13_2_Rel1/bin/../lib/gcc/arm-none-eabi/13.2.1/thumb/v6-m/nofp\libc.a(libc_a-mallocr.o) (__malloc_lock)
C:/Users/PC/.pico-sdk/toolchain/13_2_Rel1/bin/../lib/gcc/arm-none-eabi/13.2.1/thumb/v6-m/nofp\libc.a(libc_a-realloc.o)
                              CMakeFiles/blink.dir/C_/Users/PC/.pico-sdk/sdk/1.5.1/src/rp2_common/pico_malloc/pico_malloc.c.obj (realloc)
C:/Users/PC/.pico-sdk/toolchain/13_2_Rel1/bin/../lib/gcc/arm-none-eabi/13.2.1/thumb/v6-m/nofp\libc.a(libc_a-reallocr.o)
                              C:/Users/PC/.pico-sdk/toolchain/13_2_Rel1/bin/../lib/gcc/arm-none-eabi/13.2.1/thumb/v6-m/nofp\libc.a(libc_a-realloc.o) (_realloc_r)
C:/Users/PC/.pico-sdk/toolchain/13_2_Rel1/bin/../lib/gcc/arm-none-eabi/13.2.1/thumb/v6-m/nofp\libc.a(libc_a-memmove.o)
                              C:/Users/PC/.pico-sdk/toolchain/13_2_Rel1/bin/../lib/gcc/arm-none-eabi/13.2.1/thumb/v6-m/nofp\libc.a(libc_a-reallocr.o) (memmove)
C:/Users/PC/.pico-sdk/toolchain/13_2_Rel1/bin/../lib/gcc/arm-none-eabi/13.2.1/thumb/v6-m/nofp\libc.a(libc_a-impure.o)
                              C:/Users/PC/.pico-sdk/toolchain/13_2_Rel1/bin/../lib/gcc/arm-none-eabi/13.2.1/thumb/v6-m/nofp\libc.a(libc_a-calloc.o) (_impure_ptr)
C:/Users/PC/.pico-sdk/toolchain/13_2_Rel1/bin/../lib/gcc/arm-none-eabi/13.2.1/thumb/v6-m/nofp\libc.a(libc_a-sbrkr.o)
                              C:/Users/PC/.pico-sdk/toolchain/13_2_Rel1/bin/../lib/gcc/arm-none-eabi/13.2.1/thumb/v6-m/nofp\libc.a(libc_a-mallocr.o) (_sbrk_r)
C:/Users/PC/.pico-sdk/toolchain/13_2_Rel1/bin/../lib/gcc/arm-none-eabi/13.2.1/thumb/v6-m/nofp\libc.a(libc_a-errno.o)
                              C:/Users/PC/.pico-sdk/toolchain/13_2_Rel1/bin/../lib/gcc/arm-none-eabi/13.2.1/thumb/v6-m/nofp\libc.a(libc_a-callocr.o) (__errno)
C:/Users/PC/.pico-sdk/toolchain/13_2_Rel1/bin/../lib/gcc/arm-none-eabi/13.2.1/thumb/v6-m/nofp\libc.a(libc_a-init.o)
                              C:/Users/PC/.pico-sdk/toolchain/13_2_Rel1/bin/../lib/gcc/arm-none-eabi/13.2.1/thumb/v6-m/nofp/crt0.o (__libc_init_array)
C:/Users/PC/.pico-sdk/toolchain/13_2_Rel1/bin/../lib/gcc/arm-none-eabi/13.2.1/thumb/v6-m/nofp\libc.a(libc_a-lock.o)
                              C:/Users/PC/.pico-sdk/toolchain/13_2_Rel1/bin/../lib/gcc/arm-none-eabi/13.2.1/thumb/v6-m/nofp\libc.a(libc_a-mlock.o) (__retarget_lock_acquire_recursive)
C:/Users/PC/.pico-sdk/toolchain/13_2_Rel1/bin/../lib/gcc/arm-none-eabi/13.2.1/thumb/v6-m/nofp\libc.a(libc_a-sysconf.o)
                              C:/Users/PC/.pico-sdk/toolchain/13_2_Rel1/bin/../lib/gcc/arm-none-eabi/13.2.1/thumb/v6-m/nofp\libc.a(libc_a-mallocr.o) (sysconf)
C:/Users/PC/.pico-sdk/toolchain/13_2_Rel1/bin/../lib/gcc/arm-none-eabi/13.2.1/thumb/v6-m/nofp\libc.a(libc_a-strlen-stub.o)
                              CMakeFiles/blink.dir/C_/Users/PC/.pico-sdk/sdk/1.5.1/src/rp2_common/pico_stdio/stdio.c.obj (strlen)
C:/Users/PC/.pico-sdk/toolchain/13_2_Rel1/bin/../lib/gcc/arm-none-eabi/13.2.1/thumb/v6-m/nofp\libc.a(libc_a-freer.o)
                              C:/Users/PC/.pico-sdk/toolchain/13_2_Rel1/bin/../lib/gcc/arm-none-eabi/13.2.1/thumb/v6-m/nofp\libc.a(libc_a-malloc.o) (_free_r)
C:/Users/PC/.pico-sdk/toolchain/13_2_Rel1/bin/../lib/gcc/arm-none-eabi/13.2.1/thumb/v6-m/nofp\libc.a(libc_a-findfp.o)
[...]
Memory Configuration

Name             Origin             Length             Attributes
FLASH            0x10000000         0x00200000         xr
RAM              0x20000000         0x00040000         xrw
SCRATCH_X        0x20040000         0x00001000         xrw
SCRATCH_Y        0x20041000         0x00001000         xrw
*default*        0x00000000         0xffffffff

Linker script and memory map

LOAD C:/Users/PC/.pico-sdk/toolchain/13_2_Rel1/bin/../lib/gcc/arm-none-eabi/13.2.1/thumb/v6-m/nofp/crti.o
LOAD C:/Users/PC/.pico-sdk/toolchain/13_2_Rel1/bin/../lib/gcc/arm-none-eabi/13.2.1/thumb/v6-m/nofp/crtbegin.o
LOAD C:/Users/PC/.pico-sdk/toolchain/13_2_Rel1/bin/../lib/gcc/arm-none-eabi/13.2.1/thumb/v6-m/nofp/crt0.o

.flash_begin    0x10000000        0x0
                0x10000000                        __flash_binary_start = .

.boot2          0x10000000      0x100
                0x10000000                        __boot2_start__ = .
 *(.boot2)
 .boot2         0x10000000      0x100 C:\Users\PC\AppData\Local\Temp\ccGIcVLc.o
                0x10000100                        __boot2_end__ = .
                0x00000001                        ASSERT (((__boot2_end__ - __boot2_start__) == 0x100), ERROR: Pico second stage bootloader must be 256 bytes in size)

.text           0x10000100     0xa6e0
                0x10000100                        __logical_binary_start = .
 *(.vectors)
 .vectors       0x10000100       0xd4 CMakeFiles/blink.dir/C_/Users/PC/.pico-sdk/sdk/1.5.1/src/rp2_common/pico_standard_link/crt0.S.obj
                0x10000100                __VECTOR_TABLE
                0x10000100                __vectors
                0x100001c0                isr_invalid
                0x100001c0                __default_isrs_start
                0x100001c2                isr_nmi
                0x100001c4                isr_hardfault
                0x100001c6                isr_svcall
                0x100001c8                isr_pendsv
                0x100001ca                isr_systick
                0x100001cc                isr_irq23
                0x100001cc                isr_irq18
                0x100001cc                isr_irq11
                0x100001cc                isr_irq28
                0x100001cc                isr_irq19
                0x100001cc                isr_irq0
                0x100001cc                isr_irq6
                0x100001cc                isr_irq5
                0x100001cc                isr_irq12
                0x100001cc                isr_irq22
                0x100001cc                isr_irq31
                0x100001cc                isr_irq17
                0x100001cc                isr_irq27
                0x100001cc                isr_irq30
                0x100001cc                isr_irq2
                0x100001cc                isr_irq10
                0x100001cc                isr_irq8
                0x100001cc                isr_irq24
                0x100001cc                isr_irq1
                0x100001cc                isr_irq7
                0x100001cc                isr_irq21
                0x100001cc                isr_irq20
                0x100001cc                isr_irq15
                0x100001cc                isr_irq25
                0x100001cc                isr_irq13
                0x100001cc                __unhandled_user_irq
                0x100001cc                isr_irq4
                0x100001cc                isr_irq16
                0x100001cc                isr_irq29
                0x100001cc                isr_irq26
                0x100001cc                __default_isrs_end
                0x100001cc                isr_irq3
                0x100001cc                isr_irq14
                0x100001cc                isr_irq9
                0x100001d2                unhandled_user_irq_num_in_r0
 *(.binary_info_header)
 .binary_info_header
                0x100001d4       0x14 CMakeFiles/blink.dir/C_/Users/PC/.pico-sdk/sdk/1.5.1/src/rp2_common/pico_standard_link/crt0.S.obj
                0x100001e8                        __binary_info_header_end = .
 *(.reset)
 .reset         0x100001e8       0xa0 CMakeFiles/blink.dir/C_/Users/PC/.pico-sdk/sdk/1.5.1/src/rp2_common/pico_standard_link/crt0.S.obj
                0x100001e8                _entry_point
 .reset         0x10000288       0x30 CMakeFiles/blink.dir/C_/Users/PC/.pico-sdk/sdk/1.5.1/src/rp2_common/pico_standard_link/binary_info.c.obj
 *(.init)
 .init          0x100002b8        0x4 C:/Users/PC/.pico-sdk/toolchain/13_2_Rel1/bin/../lib/gcc/arm-none-eabi/13.2.1/thumb/v6-m/nofp/crti.o
                0x100002b8                _init
 *(EXCLUDE_FILE(*libm.a: *libc.a:*lib_a-mem*.o *libgcc.a:) .text*)
 .text.register_tm_clones
                0x100002bc       0x28 C:/Users/PC/.pico-sdk/toolchain/13_2_Rel1/bin/../lib/gcc/arm-none-eabi/13.2.1/thumb/v6-m/nofp/crtbegin.o
 .text.frame_dummy
                0x100002e4       0x24 C:/Users/PC/.pico-sdk/toolchain/13_2_Rel1/bin/../lib/gcc/arm-none-eabi/13.2.1/thumb/v6-m/nofp/crtbegin.o
 .text.Update_Display.0
                0x10000308       0x18 CMakeFiles/blink.dir/blink.c.obj
 .text.vTaskUpdateDisplay
                0x10000320      0x164 CMakeFiles/blink.dir/blink.c.obj
                0x10000320                vTaskUpdateDisplay
 .text.vTaskReadGyro
                0x10000484       0x58 CMakeFiles/blink.dir/blink.c.obj
                0x10000484                vTaskReadGyro
 .text.vTaskReadAccel
                0x100004dc       0x58 CMakeFiles/blink.dir/blink.c.obj
                0x100004dc                vTaskReadAccel
 .text.vTaskReadLux
                0x10000534       0x84 CMakeFiles/blink.dir/blink.c.obj
                0x10000534                vTaskReadLux
 .text.startup.main
                0x100005b8      0x20c CMakeFiles/blink.dir/blink.c.obj
                0x100005b8                main
 .text.opt4001_init
                0x100007c4       0xd4 CMakeFiles/blink.dir/opt4001.c.obj
                0x100007c4                opt4001_init
 .text.opt4001_set_conversion_time
                0x10000898       0x8c CMakeFiles/blink.dir/opt4001.c.obj
                0x10000898                opt4001_set_conversion_time
 .text.opt4001_set_operating_mode
                0x10000924       0x8c CMakeFiles/blink.dir/opt4001.c.obj
                0x10000924                opt4001_set_operating_mode
 .text.opt4001_set_range
                0x100009b0       0x8c CMakeFiles/blink.dir/opt4001.c.obj
                0x100009b0                opt4001_set_range
 .text.opt4001_get_data
                0x10000a3c      0x144 CMakeFiles/blink.dir/opt4001.c.obj
                0x10000a3c                opt4001_get_data
 .text.opt4001_wait_for_conversion_complete
                0x10000b80       0xa4 CMakeFiles/blink.dir/opt4001.c.obj
                0x10000b80                opt4001_wait_for_conversion_complete
 .text.icm42670p_read_reg
                0x10000c24       0x38 CMakeFiles/blink.dir/Register_ICM42670P.c.obj
                0x10000c24                icm42670p_read_reg
 .text.icm42670p_write_reg
                0x10000c5c       0x2c CMakeFiles/blink.dir/Register_ICM42670P.c.obj
                0x10000c5c                icm42670p_write_reg
 .text.icm42670p_init
                0x10000c88       0x74 CMakeFiles/blink.dir/icm42670p.c.obj
                0x10000c88                icm42670p_init
 .text.icm42670p_get_gyro
                0x10000cfc       0xe8 CMakeFiles/blink.dir/icm42670p.c.obj
                0x10000cfc                icm42670p_get_gyro
 .text.icm42670p_get_accel
                0x10000de4       0xe0 CMakeFiles/blink.dir/icm42670p.c.obj
                0x10000de4                icm42670p_get_accel
 .text.sx1509b_write_reg
                0x10000ec4       0x24 CMakeFiles/blink.dir/register_sx1509b.c.obj
                0x10000ec4                sx1509b_write_reg
 .text.sx1509b_read_reg
                0x10000ee8       0x38 CMakeFiles/blink.dir/register_sx1509b.c.obj
                0x10000ee8                sx1509b_read_reg
 .text.sx1509b_config_clock
                0x10000f20       0x20 CMakeFiles/blink.dir/sx1509b.c.obj
                0x10000f20                sx1509b_config_clock
 .text.sx1509b_config_misc_bits
                0x10000f40       0x34 CMakeFiles/blink.dir/sx1509b.c.obj
                0x10000f40                sx1509b_config_misc_bits
 .text.sx1509b_set_led_frequency
                0x10000f74       0x28 CMakeFiles/blink.dir/sx1509b.c.obj
                0x10000f74                sx1509b_set_led_frequency
 .text.sx1509b_led_static
                0x10000f9c      0x214 CMakeFiles/blink.dir/sx1509b.c.obj
                0x10000f9c                sx1509b_led_static
 .text.handle_interrupt
                0x100011b0       0x78 CMakeFiles/blink.dir/sx1509b_irq_manager.c.obj
 .text.gpio_irq_handler
                0x10001228       0x10 CMakeFiles/blink.dir/sx1509b_irq_manager.c.obj
 .text.sx1509b_irq_init
                0x10001238       0x4c CMakeFiles/blink.dir/sx1509b_irq_manager.c.obj
                0x10001238                sx1509b_irq_init
 .text.sx1509b_register_callback
                0x10001284       0x50 CMakeFiles/blink.dir/sx1509b_irq_manager.c.obj
                0x10001284                sx1509b_register_callback
 .text.sx1509b_configure_pin
                0x100012d4       0x60 CMakeFiles/blink.dir/sx1509b_irq_manager.c.obj
                0x100012d4                sx1509b_configure_pin
 .text.gpio_default_irq_handler
                0x10001334      0x24c CMakeFiles/blink.dir/C_/Users/PC/.pico-sdk/sdk/1.5.1/src/rp2_common/hardware_gpio/gpio.c.obj
 .text.gpio_set_function
                0x10001580       0x30 CMakeFiles/blink.dir/C_/Users/PC/.pico-sdk/sdk/1.5.1/src/rp2_common/hardware_gpio/gpio.c.obj
                0x10001580                gpio_set_function
 .text.gpio_set_pulls
                0x100015b0       0x24 CMakeFiles/blink.dir/C_/Users/PC/.pico-sdk/sdk/1.5.1/src/rp2_common/hardware_gpio/gpio.c.obj
                0x100015b0                gpio_set_pulls
 .text.gpio_set_irq_enabled_with_callback
                0x100015d4       0xc4 CMakeFiles/blink.dir/C_/Users/PC/.pico-sdk/sdk/1.5.1/src/rp2_common/hardware_gpio/gpio.c.obj
                0x100015d4                gpio_set_irq_enabled_with_callback
 .text.gpio_init
                0x10001698       0x3c CMakeFiles/blink.dir/C_/Users/PC/.pico-sdk/sdk/1.5.1/src/rp2_common/hardware_gpio/gpio.c.obj
                0x10001698                gpio_init
 .text.running_on_fpga
                0x100016d4       0x10 CMakeFiles/blink.dir/C_/Users/PC/.pico-sdk/sdk/1.5.1/src/rp2_common/pico_platform/platform.c.obj
                0x100016d4                running_on_fpga
 .text.hw_claim_or_assert
                0x100016e4       0x44 CMakeFiles/blink.dir/C_/Users/PC/.pico-sdk/sdk/1.5.1/src/rp2_common/hardware_claim/claim.c.obj
                0x100016e4                hw_claim_or_assert
 .text.hw_claim_unused_from_range
                0x10001728       0x9c CMakeFiles/blink.dir/C_/Users/PC/.pico-sdk/sdk/1.5.1/src/rp2_common/hardware_claim/claim.c.obj
                0x10001728                hw_claim_unused_from_range
 .text.spin_locks_reset
                0x100017c4       0x1c CMakeFiles/blink.dir/C_/Users/PC/.pico-sdk/sdk/1.5.1/src/rp2_common/hardware_sync/sync.c.obj
                0x100017c4                spin_locks_reset
 .text.next_striped_spin_lock_num
                0x100017e0       0x18 CMakeFiles/blink.dir/C_/Users/PC/.pico-sdk/sdk/1.5.1/src/rp2_common/hardware_sync/sync.c.obj
                0x100017e0                next_striped_spin_lock_num
 .text.spin_lock_claim_unused
                0x100017f8       0x24 CMakeFiles/blink.dir/C_/Users/PC/.pico-sdk/sdk/1.5.1/src/rp2_common/hardware_sync/sync.c.obj
                0x100017f8                spin_lock_claim_unused
 .text.irq_set_enabled
                0x1000181c       0x24 CMakeFiles/blink.dir/C_/Users/PC/.pico-sdk/sdk/1.5.1/src/rp2_common/hardware_irq/irq.c.obj
                0x1000181c                irq_set_enabled
 .text.irq_set_pending
                0x10001840       0x10 CMakeFiles/blink.dir/C_/Users/PC/.pico-sdk/sdk/1.5.1/src/rp2_common/hardware_irq/irq.c.obj
                0x10001840                irq_set_pending
 .text.irq_has_shared_handler
                0x10001850       0x2c CMakeFiles/blink.dir/C_/Users/PC/.pico-sdk/sdk/1.5.1/src/rp2_common/hardware_irq/irq.c.obj
                0x10001850                irq_has_shared_handler
 .text.irq_get_vtable_handler
                0x1000187c       0x10 CMakeFiles/blink.dir/C_/Users/PC/.pico-sdk/sdk/1.5.1/src/rp2_common/hardware_irq/irq.c.obj
                0x1000187c                irq_get_vtable_handler
 .text.irq_set_exclusive_handler
                0x1000188c       0x54 CMakeFiles/blink.dir/C_/Users/PC/.pico-sdk/sdk/1.5.1/src/rp2_common/hardware_irq/irq.c.obj
                0x1000188c                irq_set_exclusive_handler
 .text.irq_add_shared_handler
                0x100018e0      0x1f4 CMakeFiles/blink.dir/C_/Users/PC/.pico-sdk/sdk/1.5.1/src/rp2_common/hardware_irq/irq.c.obj
                0x100018e0                irq_add_shared_handler
 .text.irq_remove_handler
                0x10001ad4      0x1c4 CMakeFiles/blink.dir/C_/Users/PC/.pico-sdk/sdk/1.5.1/src/rp2_common/hardware_irq/irq.c.obj
                0x10001ad4                irq_remove_handler
 .text.irq_set_priority
                0x10001c98       0x28 CMakeFiles/blink.dir/C_/Users/PC/.pico-sdk/sdk/1.5.1/src/rp2_common/hardware_irq/irq.c.obj
                0x10001c98                irq_set_priority
 .text.irq_add_tail_to_free_list
                0x10001cc0       0xb4 CMakeFiles/blink.dir/C_/Users/PC/.pico-sdk/sdk/1.5.1/src/rp2_common/hardware_irq/irq.c.obj
                0x10001cc0                irq_add_tail_to_free_list
 .text.irq_init_priorities
                0x10001d74       0x24 CMakeFiles/blink.dir/C_/Users/PC/.pico-sdk/sdk/1.5.1/src/rp2_common/hardware_irq/irq.c.obj
                0x10001d74                irq_init_priorities
 .text.user_irq_claim_unused
                0x10001d98       0x2c CMakeFiles/blink.dir/C_/Users/PC/.pico-sdk/sdk/1.5.1/src/rp2_common/hardware_irq/irq.c.obj
                0x10001d98                user_irq_claim_unused
 .text.lock_init
                0x10001dc4       0x10 CMakeFiles/blink.dir/C_/Users/PC/.pico-sdk/sdk/1.5.1/src/common/pico_sync/lock_core.c.obj
                0x10001dc4                lock_init
 .text.mutex_init
                0x10001dd4       0x1c CMakeFiles/blink.dir/C_/Users/PC/.pico-sdk/sdk/1.5.1/src/common/pico_sync/mutex.c.obj
                0x10001dd4                mutex_init
 .text.recursive_mutex_init
                0x10001df0       0x20 CMakeFiles/blink.dir/C_/Users/PC/.pico-sdk/sdk/1.5.1/src/common/pico_sync/mutex.c.obj
                0x10001df0                recursive_mutex_init
 .text.critical_section_init
                0x10001e10       0x1c CMakeFiles/blink.dir/C_/Users/PC/.pico-sdk/sdk/1.5.1/src/common/pico_sync/critical_section.c.obj
                0x10001e10                critical_section_init
 .text.critical_section_init_with_lock_num
                0x10001e2c       0x14 CMakeFiles/blink.dir/C_/Users/PC/.pico-sdk/sdk/1.5.1/src/common/pico_sync/critical_section.c.obj
                0x10001e2c                critical_section_init_with_lock_num
 .text.timer_pool_entry_comparator
                0x10001e40       0x34 CMakeFiles/blink.dir/C_/Users/PC/.pico-sdk/sdk/1.5.1/src/common/pico_time/time.c.obj
                0x10001e40                timer_pool_entry_comparator
 .text.sleep_until_callback
                0x10001e74       0x24 CMakeFiles/blink.dir/C_/Users/PC/.pico-sdk/sdk/1.5.1/src/common/pico_time/time.c.obj
 .text.add_alarm_under_lock.isra.0
                0x10001e98      0x100 CMakeFiles/blink.dir/C_/Users/PC/.pico-sdk/sdk/1.5.1/src/common/pico_time/time.c.obj
 .text.alarm_pool_alarm_callback
                0x10001f98      0x1c0 CMakeFiles/blink.dir/C_/Users/PC/.pico-sdk/sdk/1.5.1/src/common/pico_time/time.c.obj
 .text.alarm_pool_init_default
                0x10002158       0x6c CMakeFiles/blink.dir/C_/Users/PC/.pico-sdk/sdk/1.5.1/src/common/pico_time/time.c.obj
                0x10002158                alarm_pool_init_default
 .text.alarm_pool_get_default
                0x100021c4        0x8 CMakeFiles/blink.dir/C_/Users/PC/.pico-sdk/sdk/1.5.1/src/common/pico_time/time.c.obj
                0x100021c4                alarm_pool_get_default
 .text.alarm_pool_add_alarm_at
                0x100021cc      0x17c CMakeFiles/blink.dir/C_/Users/PC/.pico-sdk/sdk/1.5.1/src/common/pico_time/time.c.obj
                0x100021cc                alarm_pool_add_alarm_at
 .text.alarm_pool_core_num
                0x10002348        0x4 CMakeFiles/blink.dir/C_/Users/PC/.pico-sdk/sdk/1.5.1/src/common/pico_time/time.c.obj
                0x10002348                alarm_pool_core_num
 .text.sleep_until
                0x1000234c       0xbc CMakeFiles/blink.dir/C_/Users/PC/.pico-sdk/sdk/1.5.1/src/common/pico_time/time.c.obj
                0x1000234c                sleep_until
 .text.sleep_ms
                0x10002408       0x38 CMakeFiles/blink.dir/C_/Users/PC/.pico-sdk/sdk/1.5.1/src/common/pico_time/time.c.obj
                0x10002408                sleep_ms
 .text.best_effort_wfe_or_timeout
                0x10002440       0xcc CMakeFiles/blink.dir/C_/Users/PC/.pico-sdk/sdk/1.5.1/src/common/pico_time/time.c.obj
                0x10002440                best_effort_wfe_or_timeout
 .text.hardware_alarm_irq_handler
                0x1000250c       0xbc CMakeFiles/blink.dir/C_/Users/PC/.pico-sdk/sdk/1.5.1/src/rp2_common/hardware_timer/timer.c.obj
 .text.hardware_alarm_claim
                0x100025c8       0x18 CMakeFiles/blink.dir/C_/Users/PC/.pico-sdk/sdk/1.5.1/src/rp2_common/hardware_timer/timer.c.obj
                0x100025c8                hardware_alarm_claim
 .text.time_us_64
                0x100025e0       0x14 CMakeFiles/blink.dir/C_/Users/PC/.pico-sdk/sdk/1.5.1/src/rp2_common/hardware_timer/timer.c.obj
                0x100025e0                time_us_64
 .text.busy_wait_until
                0x100025f4       0x20 CMakeFiles/blink.dir/C_/Users/PC/.pico-sdk/sdk/1.5.1/src/rp2_common/hardware_timer/timer.c.obj
                0x100025f4                busy_wait_until
 .text.hardware_alarm_set_callback
                0x10002614       0x8c CMakeFiles/blink.dir/C_/Users/PC/.pico-sdk/sdk/1.5.1/src/rp2_common/hardware_timer/timer.c.obj
                0x10002614                hardware_alarm_set_callback
 .text.hardware_alarm_set_target
                0x100026a0       0xd0 CMakeFiles/blink.dir/C_/Users/PC/.pico-sdk/sdk/1.5.1/src/rp2_common/hardware_timer/timer.c.obj
                0x100026a0                hardware_alarm_set_target
 .text.hardware_alarm_cancel
                0x10002770       0x3c CMakeFiles/blink.dir/C_/Users/PC/.pico-sdk/sdk/1.5.1/src/rp2_common/hardware_timer/timer.c.obj
                0x10002770                hardware_alarm_cancel
 .text.ph_merge_nodes
                0x100027ac       0x58 CMakeFiles/blink.dir/C_/Users/PC/.pico-sdk/sdk/1.5.1/src/common/pico_util/pheap.c.obj
 .text.ph_post_alloc_init
                0x10002804       0x3c CMakeFiles/blink.dir/C_/Users/PC/.pico-sdk/sdk/1.5.1/src/common/pico_util/pheap.c.obj
                0x10002804                ph_post_alloc_init
 .text.ph_merge_two_pass
                0x10002840       0x8c CMakeFiles/blink.dir/C_/Users/PC/.pico-sdk/sdk/1.5.1/src/common/pico_util/pheap.c.obj
                0x10002840                ph_merge_two_pass
 .text.ph_remove_any_head
                0x100028cc      0x100 CMakeFiles/blink.dir/C_/Users/PC/.pico-sdk/sdk/1.5.1/src/common/pico_util/pheap.c.obj
 .text.ph_remove_head
                0x100029cc      0x104 CMakeFiles/blink.dir/C_/Users/PC/.pico-sdk/sdk/1.5.1/src/common/pico_util/pheap.c.obj
                0x100029cc                ph_remove_head
 .text.ph_remove_and_free_node
                0x10002ad0       0x78 CMakeFiles/blink.dir/C_/Users/PC/.pico-sdk/sdk/1.5.1/src/common/pico_util/pheap.c.obj
                0x10002ad0                ph_remove_and_free_node
 .text.clocks_init
                0x10002b48      0x2c8 CMakeFiles/blink.dir/C_/Users/PC/.pico-sdk/sdk/1.5.1/src/rp2_common/hardware_clocks/clocks.c.obj
                0x10002b48                clocks_init
 .text.clock_get_hz
                0x10002e10        0xc CMakeFiles/blink.dir/C_/Users/PC/.pico-sdk/sdk/1.5.1/src/rp2_common/hardware_clocks/clocks.c.obj
                0x10002e10                clock_get_hz
 .text.pll_init
                0x10002e1c       0xa4 CMakeFiles/blink.dir/C_/Users/PC/.pico-sdk/sdk/1.5.1/src/rp2_common/hardware_pll/pll.c.obj
                0x10002e1c                pll_init
 .text.watchdog_start_tick
                0x10002ec0       0x10 CMakeFiles/blink.dir/C_/Users/PC/.pico-sdk/sdk/1.5.1/src/rp2_common/hardware_watchdog/watchdog.c.obj
                0x10002ec0                watchdog_start_tick
 .text.watchdog_reboot
                0x10002ed0       0x9c CMakeFiles/blink.dir/C_/Users/PC/.pico-sdk/sdk/1.5.1/src/rp2_common/hardware_watchdog/watchdog.c.obj
                0x10002ed0                watchdog_reboot
 .text.xosc_init
                0x10002f6c       0x28 CMakeFiles/blink.dir/C_/Users/PC/.pico-sdk/sdk/1.5.1/src/rp2_common/hardware_xosc/xosc.c.obj
                0x10002f6c                xosc_init
 .text.runtime_init
                0x10002f94       0xf0 CMakeFiles/blink.dir/C_/Users/PC/.pico-sdk/sdk/1.5.1/src/rp2_common/pico_runtime/runtime.c.obj
                0x10002f94                runtime_init
 .text._exit    0x10003084        0x4 CMakeFiles/blink.dir/C_/Users/PC/.pico-sdk/sdk/1.5.1/src/rp2_common/pico_runtime/runtime.c.obj
                0x10003084                _exit
 .text.exit     0x10003088        0x8 CMakeFiles/blink.dir/C_/Users/PC/.pico-sdk/sdk/1.5.1/src/rp2_common/pico_runtime/runtime.c.obj
                0x10003088                exit
 .text.panic    0x10003090       0x30 CMakeFiles/blink.dir/C_/Users/PC/.pico-sdk/sdk/1.5.1/src/rp2_common/pico_runtime/runtime.c.obj
                0x10003090                panic
 .text.panic_unsupported
                0x100030c0        0xc CMakeFiles/blink.dir/C_/Users/PC/.pico-sdk/sdk/1.5.1/src/rp2_common/pico_runtime/runtime.c.obj
                0x100030c0                panic_unsupported
 .text.hard_assertion_failure
                0x100030cc        0xc CMakeFiles/blink.dir/C_/Users/PC/.pico-sdk/sdk/1.5.1/src/rp2_common/pico_runtime/runtime.c.obj
                0x100030cc                hard_assertion_failure
 .text._out_null
                0x100030d8        0x4 CMakeFiles/blink.dir/C_/Users/PC/.pico-sdk/sdk/1.5.1/src/rp2_common/pico_printf/printf.c.obj
 .text._out_rev
                0x100030dc       0xac CMakeFiles/blink.dir/C_/Users/PC/.pico-sdk/sdk/1.5.1/src/rp2_common/pico_printf/printf.c.obj
 .text._ntoa_format
                0x10003188      0x250 CMakeFiles/blink.dir/C_/Users/PC/.pico-sdk/sdk/1.5.1/src/rp2_common/pico_printf/printf.c.obj
 .text._out_char
                0x100033d8       0x10 CMakeFiles/blink.dir/C_/Users/PC/.pico-sdk/sdk/1.5.1/src/rp2_common/pico_printf/printf.c.obj
 .text._out_fct
                0x100033e8       0x10 CMakeFiles/blink.dir/C_/Users/PC/.pico-sdk/sdk/1.5.1/src/rp2_common/pico_printf/printf.c.obj
 .text._etoa    0x100033f8      0x464 CMakeFiles/blink.dir/C_/Users/PC/.pico-sdk/sdk/1.5.1/src/rp2_common/pico_printf/printf.c.obj
 .text._ftoa    0x1000385c      0x3c0 CMakeFiles/blink.dir/C_/Users/PC/.pico-sdk/sdk/1.5.1/src/rp2_common/pico_printf/printf.c.obj
 .text._vsnprintf
                0x10003c1c      0xbc8 CMakeFiles/blink.dir/C_/Users/PC/.pico-sdk/sdk/1.5.1/src/rp2_common/pico_printf/printf.c.obj
 .text.vfctprintf
                0x100047e4       0x20 CMakeFiles/blink.dir/C_/Users/PC/.pico-sdk/sdk/1.5.1/src/rp2_common/pico_printf/printf.c.obj
                0x100047e4                vfctprintf
 .text.weak_raw_vprintf
                0x10004804       0x30 CMakeFiles/blink.dir/C_/Users/PC/.pico-sdk/sdk/1.5.1/src/rp2_common/pico_printf/printf.c.obj
                0x10004804                weak_raw_vprintf
 .text          0x10004834       0x10 CMakeFiles/blink.dir/C_/Users/PC/.pico-sdk/sdk/1.5.1/src/rp2_common/pico_bit_ops/bit_ops_aeabi.S.obj
 .text.rom_func_lookup
                0x10004844       0x10 CMakeFiles/blink.dir/C_/Users/PC/.pico-sdk/sdk/1.5.1/src/rp2_common/pico_bootrom/bootrom.c.obj
                0x10004844                rom_func_lookup
 .text.rom_data_lookup
                0x10004854       0x10 CMakeFiles/blink.dir/C_/Users/PC/.pico-sdk/sdk/1.5.1/src/rp2_common/pico_bootrom/bootrom.c.obj
                0x10004854                rom_data_lookup
 .text.rom_funcs_lookup
                0x10004864       0x44 CMakeFiles/blink.dir/C_/Users/PC/.pico-sdk/sdk/1.5.1/src/rp2_common/pico_bootrom/bootrom.c.obj
                0x10004864                rom_funcs_lookup
 .text.__wrap___aeabi_idiv
                0x100048a8       0x50 CMakeFiles/blink.dir/C_/Users/PC/.pico-sdk/sdk/1.5.1/src/rp2_common/pico_divider/divider.S.obj
                0x100048a8                __wrap___aeabi_idivmod
                0x100048a8                divmod_s32s32
                0x100048a8                div_s32s32
                0x100048a8                __wrap___aeabi_idiv
                0x100048b0                divmod_s32s32_unsafe
                0x100048dc                divmod_s32s32_savestate
 .text.__wrap___aeabi_uidiv
                0x100048f8       0x4c CMakeFiles/blink.dir/C_/Users/PC/.pico-sdk/sdk/1.5.1/src/rp2_common/pico_divider/divider.S.obj
                0x100048f8                __wrap___aeabi_uidiv
                0x100048f8                __wrap___aeabi_uidivmod
                0x100048f8                div_u32u32
                0x100048f8                divmod_u32u32
                0x10004900                divmod_u32u32_unsafe
                0x10004928                divmod_u32u32_savestate
 .text.__wrap___aeabi_ldiv
                0x10004944      0x424 CMakeFiles/blink.dir/C_/Users/PC/.pico-sdk/sdk/1.5.1/src/rp2_common/pico_divider/divider.S.obj
                0x10004944                div_s64s64
                0x10004944                divmod_s64s64
                0x10004944                __wrap___aeabi_ldivmod
                0x10004974                divmod_u64u64
                0x10004974                div_u64u64
                0x10004974                __wrap___aeabi_uldivmod
                0x10004984                divmod_u64u64_savestate
                0x100049a4                divmod_s64s64_unsafe
                0x10004a2c                divmod_u64u64_unsafe
 .text.__wrap___aeabi_darithmetic
                0x10004d68       0x80 CMakeFiles/blink.dir/C_/Users/PC/.pico-sdk/sdk/1.5.1/src/rp2_common/pico_double/double_aeabi.S.obj
                0x10004d68                __wrap___aeabi_drsub
                0x10004d6e                __wrap___aeabi_dsub
                0x10004d80                __wrap___aeabi_dadd
                0x10004d92                __wrap___aeabi_ddiv
                0x10004dce                __wrap___aeabi_dmul
 .text.__wrap___aeabi_cdcmple
                0x10004de8       0x6c CMakeFiles/blink.dir/C_/Users/PC/.pico-sdk/sdk/1.5.1/src/rp2_common/pico_double/double_aeabi.S.obj
                0x10004de8                __wrap___aeabi_cdrcmple
                0x10004df8                __wrap___aeabi_cdcmpeq
                0x10004df8                __wrap___aeabi_cdcmple
 .text.__wrap___aeabi_dcmplt
                0x10004e54        0xc CMakeFiles/blink.dir/C_/Users/PC/.pico-sdk/sdk/1.5.1/src/rp2_common/pico_double/double_aeabi.S.obj
                0x10004e54                __wrap___aeabi_dcmplt
 .text.__wrap___aeabi_dcmpge
                0x10004e60       0x10 CMakeFiles/blink.dir/C_/Users/PC/.pico-sdk/sdk/1.5.1/src/rp2_common/pico_double/double_aeabi.S.obj
                0x10004e60                __wrap___aeabi_dcmpge
 .text.__wrap___aeabi_dcmpgt
                0x10004e70        0xa CMakeFiles/blink.dir/C_/Users/PC/.pico-sdk/sdk/1.5.1/src/rp2_common/pico_double/double_aeabi.S.obj
                0x10004e70                __wrap___aeabi_dcmpgt
 .text.__wrap___aeabi_dcmpun
                0x10004e7a       0x1c CMakeFiles/blink.dir/C_/Users/PC/.pico-sdk/sdk/1.5.1/src/rp2_common/pico_double/double_aeabi.S.obj
                0x10004e7a                __wrap___aeabi_dcmpun
 *fill*         0x10004e96        0x2 
 .text.__wrap___aeabi_i2d
                0x10004e98       0x38 CMakeFiles/blink.dir/C_/Users/PC/.pico-sdk/sdk/1.5.1/src/rp2_common/pico_double/double_aeabi.S.obj
                0x10004e98                __wrap___aeabi_ui2d
                0x10004ea0                __wrap___aeabi_i2d
 .text.__wrap___aeabi_d2iz
                0x10004ed0       0x48 CMakeFiles/blink.dir/C_/Users/PC/.pico-sdk/sdk/1.5.1/src/rp2_common/pico_double/double_aeabi.S.obj
                0x10004ed0                double2int_z
                0x10004ed0                __wrap___aeabi_d2iz
 .text.__wrap___aeabi_d2uiz
                0x10004f18       0x18 CMakeFiles/blink.dir/C_/Users/PC/.pico-sdk/sdk/1.5.1/src/rp2_common/pico_double/double_aeabi.S.obj
                0x10004f18                __wrap___aeabi_d2uiz
                0x10004f18                double2uint
 .text.__aeabi_double_init
                0x10004f30       0x98 CMakeFiles/blink.dir/C_/Users/PC/.pico-sdk/sdk/1.5.1/src/rp2_common/pico_double/double_init_rom.c.obj
                0x10004f30                __aeabi_double_init
 .text.double_table_shim_on_use_helper
                0x10004fc8       0x2c CMakeFiles/blink.dir/C_/Users/PC/.pico-sdk/sdk/1.5.1/src/rp2_common/pico_double/double_v1_rom_shim.S.obj
                0x10004fc8                double_table_shim_on_use_helper
 .text.__wrap___aeabi_dsub
                0x10004ff4       0x10 CMakeFiles/blink.dir/C_/Users/PC/.pico-sdk/sdk/1.5.1/src/rp2_common/pico_double/double_v1_rom_shim.S.obj
                0x10004ff4                drsub_shim
                0x10004ffa                dsub_shim
 .text.dadd_shim
                0x10005004      0x15c CMakeFiles/blink.dir/C_/Users/PC/.pico-sdk/sdk/1.5.1/src/rp2_common/pico_double/double_v1_rom_shim.S.obj
                0x10005004                dadd_shim
 .text.dmul_shim
                0x10005160      0x15c CMakeFiles/blink.dir/C_/Users/PC/.pico-sdk/sdk/1.5.1/src/rp2_common/pico_double/double_v1_rom_shim.S.obj
                0x10005160                dmul_shim
 .text.ddiv_shim
                0x100052bc      0x1b0 CMakeFiles/blink.dir/C_/Users/PC/.pico-sdk/sdk/1.5.1/src/rp2_common/pico_double/double_v1_rom_shim.S.obj
                0x100052bc                ddiv_shim
 .text.double2uint_shim
                0x1000546c        0xe CMakeFiles/blink.dir/C_/Users/PC/.pico-sdk/sdk/1.5.1/src/rp2_common/pico_double/double_v1_rom_shim.S.obj
                0x1000546c                double2uint_shim
                0x1000546e                double2ufix_shim
 *fill*         0x1000547a        0x2 
 .text.double2uint64_shim
                0x1000547c       0x70 CMakeFiles/blink.dir/C_/Users/PC/.pico-sdk/sdk/1.5.1/src/rp2_common/pico_double/double_v1_rom_shim.S.obj
                0x1000547c                double2uint64_shim
                0x1000547e                double2ufix64_shim
                0x1000549e                d2fix_a
 .text.dunpacks
                0x100054ec       0x3c CMakeFiles/blink.dir/C_/Users/PC/.pico-sdk/sdk/1.5.1/src/rp2_common/pico_double/double_v1_rom_shim.S.obj
                0x100054ec                dunpacks
 .text.__aeabi_lmul
                0x10005528       0x32 CMakeFiles/blink.dir/C_/Users/PC/.pico-sdk/sdk/1.5.1/src/rp2_common/pico_int64_ops/pico_int64_ops_aeabi.S.obj
                0x10005528                __wrap___aeabi_lmul
 *fill*         0x1000555a        0x2 
 .text.__wrap___aeabi_farithmetic
                0x1000555c       0x48 CMakeFiles/blink.dir/C_/Users/PC/.pico-sdk/sdk/1.5.1/src/rp2_common/pico_float/float_aeabi.S.obj
                0x1000555c                __wrap___aeabi_frsub
                0x10005562                __wrap___aeabi_fsub
                0x10005568                __wrap___aeabi_fadd
                0x1000556e                __wrap___aeabi_fdiv
                0x10005596                __wrap___aeabi_fmul
 .text.__wrap___aeabi_cfcmple
                0x100055a4       0x50 CMakeFiles/blink.dir/C_/Users/PC/.pico-sdk/sdk/1.5.1/src/rp2_common/pico_float/float_aeabi.S.obj
                0x100055a4                __wrap___aeabi_cfrcmple
                0x100055b0                __wrap___aeabi_cfcmple
                0x100055b0                __wrap___aeabi_cfcmpeq
 .text.__wrap___aeabi_fcmpeq
                0x100055f4       0x10 CMakeFiles/blink.dir/C_/Users/PC/.pico-sdk/sdk/1.5.1/src/rp2_common/pico_float/float_aeabi.S.obj
                0x100055f4                __wrap___aeabi_fcmpeq
 .text.__wrap___aeabi_ui2f
                0x10005604        0xa CMakeFiles/blink.dir/C_/Users/PC/.pico-sdk/sdk/1.5.1/src/rp2_common/pico_float/float_aeabi.S.obj
                0x10005604                __wrap___aeabi_ui2f
 *fill*         0x1000560e        0x2 
 .text.__wrap___aeabi_i2f
                0x10005610       0x44 CMakeFiles/blink.dir/C_/Users/PC/.pico-sdk/sdk/1.5.1/src/rp2_common/pico_float/float_aeabi.S.obj
                0x10005610                __wrap___aeabi_i2f
 .text.__wrap___aeabi_f2d
                0x10005654       0x14 CMakeFiles/blink.dir/C_/Users/PC/.pico-sdk/sdk/1.5.1/src/rp2_common/pico_float/float_aeabi.S.obj
                0x10005654                __wrap___aeabi_f2d
 .text.__aeabi_float_init
                0x10005668       0x64 CMakeFiles/blink.dir/C_/Users/PC/.pico-sdk/sdk/1.5.1/src/rp2_common/pico_float/float_init_rom.c.obj
                0x10005668                __aeabi_float_init
 .text.float_table_shim_on_use_helper
                0x100056cc       0x2c CMakeFiles/blink.dir/C_/Users/PC/.pico-sdk/sdk/1.5.1/src/rp2_common/pico_float/float_v1_rom_shim.S.obj
                0x100056cc                float_table_shim_on_use_helper
 .text.float2double_shim
                0x100056f8       0x30 CMakeFiles/blink.dir/C_/Users/PC/.pico-sdk/sdk/1.5.1/src/rp2_common/pico_float/float_v1_rom_shim.S.obj
                0x100056f8                float2double_shim
 .text          0x10005728       0x10 CMakeFiles/blink.dir/C_/Users/PC/.pico-sdk/sdk/1.5.1/src/rp2_common/pico_mem_ops/mem_ops_aeabi.S.obj
                0x10005728                __aeabi_mem_init
 .text.memset   0x10005738        0xc CMakeFiles/blink.dir/C_/Users/PC/.pico-sdk/sdk/1.5.1/src/rp2_common/pico_mem_ops/mem_ops_aeabi.S.obj
                0x10005738                __wrap_memset
 .text.memcpy   0x10005744        0xc CMakeFiles/blink.dir/C_/Users/PC/.pico-sdk/sdk/1.5.1/src/rp2_common/pico_mem_ops/mem_ops_aeabi.S.obj
                0x10005744                __wrap_memcpy
                0x10005744                __wrap___aeabi_memcpy
 .text.stdio_out_chars_crlf
                0x10005750       0x94 CMakeFiles/blink.dir/C_/Users/PC/.pico-sdk/sdk/1.5.1/src/rp2_common/pico_stdio/stdio.c.obj
 .text.stdio_buffered_printer
                0x100057e4       0x64 CMakeFiles/blink.dir/C_/Users/PC/.pico-sdk/sdk/1.5.1/src/rp2_common/pico_stdio/stdio.c.obj
 .text.__wrap_putchar
                0x10005848       0x98 CMakeFiles/blink.dir/C_/Users/PC/.pico-sdk/sdk/1.5.1/src/rp2_common/pico_stdio/stdio.c.obj
                0x10005848                __wrap_putchar
 .text.__wrap_puts
                0x100058e0       0xe0 CMakeFiles/blink.dir/C_/Users/PC/.pico-sdk/sdk/1.5.1/src/rp2_common/pico_stdio/stdio.c.obj
                0x100058e0                __wrap_puts
 .text.stdio_set_driver_enabled
                0x100059c0       0x30 CMakeFiles/blink.dir/C_/Users/PC/.pico-sdk/sdk/1.5.1/src/rp2_common/pico_stdio/stdio.c.obj
                0x100059c0                stdio_set_driver_enabled
 .text.__wrap_vprintf
                0x100059f0       0xd4 CMakeFiles/blink.dir/C_/Users/PC/.pico-sdk/sdk/1.5.1/src/rp2_common/pico_stdio/stdio.c.obj
                0x100059f0                __wrap_vprintf
 .text.__wrap_printf
                0x10005ac4       0x18 CMakeFiles/blink.dir/C_/Users/PC/.pico-sdk/sdk/1.5.1/src/rp2_common/pico_stdio/stdio.c.obj
                0x10005ac4                __wrap_printf
 .text.stdio_init_all
                0x10005adc        0x8 CMakeFiles/blink.dir/C_/Users/PC/.pico-sdk/sdk/1.5.1/src/rp2_common/pico_stdio/stdio.c.obj
                0x10005adc                stdio_init_all
 .text.resetd_init
                0x10005ae4        0x4 CMakeFiles/blink.dir/C_/Users/PC/.pico-sdk/sdk/1.5.1/src/rp2_common/pico_stdio_usb/reset_interface.c.obj
 .text.resetd_reset
                0x10005ae8        0xc CMakeFiles/blink.dir/C_/Users/PC/.pico-sdk/sdk/1.5.1/src/rp2_common/pico_stdio_usb/reset_interface.c.obj
 .text.resetd_open
                0x10005af4       0x28 CMakeFiles/blink.dir/C_/Users/PC/.pico-sdk/sdk/1.5.1/src/rp2_common/pico_stdio_usb/reset_interface.c.obj
 .text.resetd_xfer_cb
                0x10005b1c        0x4 CMakeFiles/blink.dir/C_/Users/PC/.pico-sdk/sdk/1.5.1/src/rp2_common/pico_stdio_usb/reset_interface.c.obj
 .text.resetd_control_xfer_cb
                0x10005b20       0x60 CMakeFiles/blink.dir/C_/Users/PC/.pico-sdk/sdk/1.5.1/src/rp2_common/pico_stdio_usb/reset_interface.c.obj
 .text.usbd_app_driver_get_cb
                0x10005b80        0xc CMakeFiles/blink.dir/C_/Users/PC/.pico-sdk/sdk/1.5.1/src/rp2_common/pico_stdio_usb/reset_interface.c.obj
                0x10005b80                usbd_app_driver_get_cb
 .text.tud_cdc_line_coding_cb
                0x10005b8c       0x34 CMakeFiles/blink.dir/C_/Users/PC/.pico-sdk/sdk/1.5.1/src/rp2_common/pico_stdio_usb/reset_interface.c.obj
                0x10005b8c                tud_cdc_line_coding_cb
 .text.stdio_usb_set_chars_available_callback
                0x10005bc0       0x14 CMakeFiles/blink.dir/C_/Users/PC/.pico-sdk/sdk/1.5.1/src/rp2_common/pico_stdio_usb/stdio_usb.c.obj
                0x10005bc0                stdio_usb_set_chars_available_callback
 .text.usb_irq  0x10005bd4       0x10 CMakeFiles/blink.dir/C_/Users/PC/.pico-sdk/sdk/1.5.1/src/rp2_common/pico_stdio_usb/stdio_usb.c.obj
 .text.timer_task
                0x10005be4       0x54 CMakeFiles/blink.dir/C_/Users/PC/.pico-sdk/sdk/1.5.1/src/rp2_common/pico_stdio_usb/stdio_usb.c.obj
 .text.stdio_usb_in_chars
                0x10005c38       0x90 CMakeFiles/blink.dir/C_/Users/PC/.pico-sdk/sdk/1.5.1/src/rp2_common/pico_stdio_usb/stdio_usb.c.obj
                0x10005c38                stdio_usb_in_chars
 .text.stdio_usb_out_chars
                0x10005cc8      0x104 CMakeFiles/blink.dir/C_/Users/PC/.pico-sdk/sdk/1.5.1/src/rp2_common/pico_stdio_usb/stdio_usb.c.obj
 .text.low_priority_worker_irq
                0x10005dcc       0xa8 CMakeFiles/blink.dir/C_/Users/PC/.pico-sdk/sdk/1.5.1/src/rp2_common/pico_stdio_usb/stdio_usb.c.obj
 .text.tud_cdc_rx_cb
                0x10005e74       0x20 CMakeFiles/blink.dir/C_/Users/PC/.pico-sdk/sdk/1.5.1/src/rp2_common/pico_stdio_usb/stdio_usb.c.obj
                0x10005e74                tud_cdc_rx_cb
 .text.stdio_usb_init
                0x10005e94       0xe0 CMakeFiles/blink.dir/C_/Users/PC/.pico-sdk/sdk/1.5.1/src/rp2_common/pico_stdio_usb/stdio_usb.c.obj
                0x10005e94                stdio_usb_init
 .text.tud_descriptor_device_cb
                0x10005f74        0x8 CMakeFiles/blink.dir/C_/Users/PC/.pico-sdk/sdk/1.5.1/src/rp2_common/pico_stdio_usb/stdio_usb_descriptors.c.obj
                0x10005f74                tud_descriptor_device_cb
 .text.tud_descriptor_configuration_cb
                0x10005f7c        0x8 CMakeFiles/blink.dir/C_/Users/PC/.pico-sdk/sdk/1.5.1/src/rp2_common/pico_stdio_usb/stdio_usb_descriptors.c.obj
                0x10005f7c                tud_descriptor_configuration_cb
 .text.tud_descriptor_string_cb
                0x10005f84       0x78 CMakeFiles/blink.dir/C_/Users/PC/.pico-sdk/sdk/1.5.1/src/rp2_common/pico_stdio_usb/stdio_usb_descriptors.c.obj
                0x10005f84                tud_descriptor_string_cb
 .text.startup._retrieve_unique_id_on_boot
                0x10005ffc       0x10 CMakeFiles/blink.dir/C_/Users/PC/.pico-sdk/sdk/1.5.1/src/rp2_common/pico_unique_id/unique_id.c.obj
 .text.pico_get_unique_board_id_string
                0x1000600c      0x1a8 CMakeFiles/blink.dir/C_/Users/PC/.pico-sdk/sdk/1.5.1/src/rp2_common/pico_unique_id/unique_id.c.obj
                0x1000600c                pico_get_unique_board_id_string
 .text.flash_get_unique_id
                0x100061b4       0x3c CMakeFiles/blink.dir/C_/Users/PC/.pico-sdk/sdk/1.5.1/src/rp2_common/hardware_flash/flash.c.obj
                0x100061b4                flash_get_unique_id
 .text.dcd_int_enable
                0x100061f0        0xc CMakeFiles/blink.dir/C_/Users/PC/.pico-sdk/sdk/1.5.1/lib/tinyusb/src/portable/raspberrypi/rp2040/dcd_rp2040.c.obj
                0x100061f0                dcd_int_enable
 .text.dcd_set_address
                0x100061fc       0x14 CMakeFiles/blink.dir/C_/Users/PC/.pico-sdk/sdk/1.5.1/lib/tinyusb/src/portable/raspberrypi/rp2040/dcd_rp2040.c.obj
                0x100061fc                dcd_set_address
 .text.dcd_connect
                0x10006210       0x10 CMakeFiles/blink.dir/C_/Users/PC/.pico-sdk/sdk/1.5.1/lib/tinyusb/src/portable/raspberrypi/rp2040/dcd_rp2040.c.obj
                0x10006210                dcd_connect
 .text.dcd_init
                0x10006220       0x98 CMakeFiles/blink.dir/C_/Users/PC/.pico-sdk/sdk/1.5.1/lib/tinyusb/src/portable/raspberrypi/rp2040/dcd_rp2040.c.obj
                0x10006220                dcd_init
 .text.dcd_edpt0_status_complete
                0x100062b8       0x1c CMakeFiles/blink.dir/C_/Users/PC/.pico-sdk/sdk/1.5.1/lib/tinyusb/src/portable/raspberrypi/rp2040/dcd_rp2040.c.obj
                0x100062b8                dcd_edpt0_status_complete
 .text.dcd_edpt_open
                0x100062d4      0x108 CMakeFiles/blink.dir/C_/Users/PC/.pico-sdk/sdk/1.5.1/lib/tinyusb/src/portable/raspberrypi/rp2040/dcd_rp2040.c.obj
                0x100062d4                dcd_edpt_open
 .text.dcd_edpt_close_all
                0x100063dc        0x8 CMakeFiles/blink.dir/C_/Users/PC/.pico-sdk/sdk/1.5.1/lib/tinyusb/src/portable/raspberrypi/rp2040/dcd_rp2040.c.obj
                0x100063dc                dcd_edpt_close_all
 .text.dcd_edpt_xfer
                0x100063e4       0x24 CMakeFiles/blink.dir/C_/Users/PC/.pico-sdk/sdk/1.5.1/lib/tinyusb/src/portable/raspberrypi/rp2040/dcd_rp2040.c.obj
                0x100063e4                dcd_edpt_xfer
 .text.dcd_edpt_stall
                0x10006408       0x34 CMakeFiles/blink.dir/C_/Users/PC/.pico-sdk/sdk/1.5.1/lib/tinyusb/src/portable/raspberrypi/rp2040/dcd_rp2040.c.obj
                0x10006408                dcd_edpt_stall
 .text.dcd_edpt_clear_stall
                0x1000643c       0x30 CMakeFiles/blink.dir/C_/Users/PC/.pico-sdk/sdk/1.5.1/lib/tinyusb/src/portable/raspberrypi/rp2040/dcd_rp2040.c.obj
                0x1000643c                dcd_edpt_clear_stall
 .text.rp2040_usb_init
                0x1000646c       0x4c CMakeFiles/blink.dir/C_/Users/PC/.pico-sdk/sdk/1.5.1/lib/tinyusb/src/portable/raspberrypi/rp2040/rp2040_usb.c.obj
                0x1000646c                rp2040_usb_init
 .text.hw_endpoint_xfer_start
                0x100064b8       0x40 CMakeFiles/blink.dir/C_/Users/PC/.pico-sdk/sdk/1.5.1/lib/tinyusb/src/portable/raspberrypi/rp2040/rp2040_usb.c.obj
                0x100064b8                hw_endpoint_xfer_start
 .text.tud_mounted
                0x100064f8       0x10 CMakeFiles/blink.dir/C_/Users/PC/.pico-sdk/sdk/1.5.1/lib/tinyusb/src/device/usbd.c.obj
                0x100064f8                tud_mounted
 .text.tud_suspended
                0x10006508       0x10 CMakeFiles/blink.dir/C_/Users/PC/.pico-sdk/sdk/1.5.1/lib/tinyusb/src/device/usbd.c.obj
                0x10006508                tud_suspended
 .text.tud_inited
                0x10006518       0x14 CMakeFiles/blink.dir/C_/Users/PC/.pico-sdk/sdk/1.5.1/lib/tinyusb/src/device/usbd.c.obj
                0x10006518                tud_inited
 .text.tud_init
                0x1000652c       0xdc CMakeFiles/blink.dir/C_/Users/PC/.pico-sdk/sdk/1.5.1/lib/tinyusb/src/device/usbd.c.obj
                0x1000652c                tud_init
 .text.tud_task_ext
                0x10006608      0x850 CMakeFiles/blink.dir/C_/Users/PC/.pico-sdk/sdk/1.5.1/lib/tinyusb/src/device/usbd.c.obj
                0x10006608                tud_task_ext
 .text.usbd_open_edpt_pair
                0x10006e58       0x9c CMakeFiles/blink.dir/C_/Users/PC/.pico-sdk/sdk/1.5.1/lib/tinyusb/src/device/usbd.c.obj
                0x10006e58                usbd_open_edpt_pair
 .text.usbd_defer_func
                0x10006ef4       0x48 CMakeFiles/blink.dir/C_/Users/PC/.pico-sdk/sdk/1.5.1/lib/tinyusb/src/device/usbd.c.obj
                0x10006ef4                usbd_defer_func
 .text.usbd_edpt_open
                0x10006f3c       0x34 CMakeFiles/blink.dir/C_/Users/PC/.pico-sdk/sdk/1.5.1/lib/tinyusb/src/device/usbd.c.obj
                0x10006f3c                usbd_edpt_open
 .text.usbd_edpt_claim
                0x10006f70       0x28 CMakeFiles/blink.dir/C_/Users/PC/.pico-sdk/sdk/1.5.1/lib/tinyusb/src/device/usbd.c.obj
                0x10006f70                usbd_edpt_claim
 .text.usbd_edpt_release
                0x10006f98       0x28 CMakeFiles/blink.dir/C_/Users/PC/.pico-sdk/sdk/1.5.1/lib/tinyusb/src/device/usbd.c.obj
                0x10006f98                usbd_edpt_release
 .text.usbd_edpt_xfer
                0x10006fc0       0x4c CMakeFiles/blink.dir/C_/Users/PC/.pico-sdk/sdk/1.5.1/lib/tinyusb/src/device/usbd.c.obj
                0x10006fc0                usbd_edpt_xfer
 .text.tud_control_status
                0x1000700c       0x2c CMakeFiles/blink.dir/C_/Users/PC/.pico-sdk/sdk/1.5.1/lib/tinyusb/src/device/usbd_control.c.obj
                0x1000700c                tud_control_status
 .text.tud_control_xfer
                0x10007038       0xac CMakeFiles/blink.dir/C_/Users/PC/.pico-sdk/sdk/1.5.1/lib/tinyusb/src/device/usbd_control.c.obj
                0x10007038                tud_control_xfer
 .text.usbd_control_reset
                0x100070e4       0x14 CMakeFiles/blink.dir/C_/Users/PC/.pico-sdk/sdk/1.5.1/lib/tinyusb/src/device/usbd_control.c.obj
                0x100070e4                usbd_control_reset
 .text.usbd_control_set_complete_callback
                0x100070f8        0xc CMakeFiles/blink.dir/C_/Users/PC/.pico-sdk/sdk/1.5.1/lib/tinyusb/src/device/usbd_control.c.obj
                0x100070f8                usbd_control_set_complete_callback
 .text.usbd_control_set_request
                0x10007104       0x1c CMakeFiles/blink.dir/C_/Users/PC/.pico-sdk/sdk/1.5.1/lib/tinyusb/src/device/usbd_control.c.obj
                0x10007104                usbd_control_set_request
 .text.usbd_control_xfer_cb
                0x10007120       0xf4 CMakeFiles/blink.dir/C_/Users/PC/.pico-sdk/sdk/1.5.1/lib/tinyusb/src/device/usbd_control.c.obj
                0x10007120                usbd_control_xfer_cb
 .text.tud_cdc_n_connected
                0x10007214       0x30 CMakeFiles/blink.dir/C_/Users/PC/.pico-sdk/sdk/1.5.1/lib/tinyusb/src/class/cdc/cdc_device.c.obj
                0x10007214                tud_cdc_n_connected
 .text.tud_cdc_n_available
                0x10007244       0x18 CMakeFiles/blink.dir/C_/Users/PC/.pico-sdk/sdk/1.5.1/lib/tinyusb/src/class/cdc/cdc_device.c.obj
                0x10007244                tud_cdc_n_available
 .text.tud_cdc_n_read
                0x1000725c       0x70 CMakeFiles/blink.dir/C_/Users/PC/.pico-sdk/sdk/1.5.1/lib/tinyusb/src/class/cdc/cdc_device.c.obj
                0x1000725c                tud_cdc_n_read
 .text.tud_cdc_n_write_flush
                0x100072cc       0x78 CMakeFiles/blink.dir/C_/Users/PC/.pico-sdk/sdk/1.5.1/lib/tinyusb/src/class/cdc/cdc_device.c.obj
                0x100072cc                tud_cdc_n_write_flush
 .text.tud_cdc_n_write
                0x10007344       0x34 CMakeFiles/blink.dir/C_/Users/PC/.pico-sdk/sdk/1.5.1/lib/tinyusb/src/class/cdc/cdc_device.c.obj
                0x10007344                tud_cdc_n_write
 .text.tud_cdc_n_write_available
                0x10007378       0x18 CMakeFiles/blink.dir/C_/Users/PC/.pico-sdk/sdk/1.5.1/lib/tinyusb/src/class/cdc/cdc_device.c.obj
                0x10007378                tud_cdc_n_write_available
 .text.cdcd_init
                0x10007390       0x7c CMakeFiles/blink.dir/C_/Users/PC/.pico-sdk/sdk/1.5.1/lib/tinyusb/src/class/cdc/cdc_device.c.obj
                0x10007390                cdcd_init
 .text.cdcd_reset
                0x1000740c       0x2c CMakeFiles/blink.dir/C_/Users/PC/.pico-sdk/sdk/1.5.1/lib/tinyusb/src/class/cdc/cdc_device.c.obj
                0x1000740c                cdcd_reset
 .text.cdcd_open
                0x10007438       0xe4 CMakeFiles/blink.dir/C_/Users/PC/.pico-sdk/sdk/1.5.1/lib/tinyusb/src/class/cdc/cdc_device.c.obj
                0x10007438                cdcd_open
 .text.cdcd_control_xfer_cb
                0x1000751c       0xe4 CMakeFiles/blink.dir/C_/Users/PC/.pico-sdk/sdk/1.5.1/lib/tinyusb/src/class/cdc/cdc_device.c.obj
                0x1000751c                cdcd_control_xfer_cb
 .text.cdcd_xfer_cb
                0x10007600      0x13c CMakeFiles/blink.dir/C_/Users/PC/.pico-sdk/sdk/1.5.1/lib/tinyusb/src/class/cdc/cdc_device.c.obj
                0x10007600                cdcd_xfer_cb
 .text.tusb_init
                0x1000773c        0xc CMakeFiles/blink.dir/C_/Users/PC/.pico-sdk/sdk/1.5.1/lib/tinyusb/src/tusb.c.obj
                0x1000773c                tusb_init
 .text.tusb_inited
                0x10007748        0x8 CMakeFiles/blink.dir/C_/Users/PC/.pico-sdk/sdk/1.5.1/lib/tinyusb/src/tusb.c.obj
                0x10007748                tusb_inited
 .text.tu_edpt_claim
                0x10007750       0x50 CMakeFiles/blink.dir/C_/Users/PC/.pico-sdk/sdk/1.5.1/lib/tinyusb/src/tusb.c.obj
                0x10007750                tu_edpt_claim
 .text.tu_edpt_release
                0x100077a0       0x38 CMakeFiles/blink.dir/C_/Users/PC/.pico-sdk/sdk/1.5.1/lib/tinyusb/src/tusb.c.obj
                0x100077a0                tu_edpt_release
 .text.tu_edpt_validate
                0x100077d8       0x7c CMakeFiles/blink.dir/C_/Users/PC/.pico-sdk/sdk/1.5.1/lib/tinyusb/src/tusb.c.obj
                0x100077d8                tu_edpt_validate
 .text.tu_edpt_bind_driver
                0x10007854       0x34 CMakeFiles/blink.dir/C_/Users/PC/.pico-sdk/sdk/1.5.1/lib/tinyusb/src/tusb.c.obj
                0x10007854                tu_edpt_bind_driver
 .text.tu_fifo_config
                0x10007888       0x6c CMakeFiles/blink.dir/C_/Users/PC/.pico-sdk/sdk/1.5.1/lib/tinyusb/src/common/tusb_fifo.c.obj
                0x10007888                tu_fifo_config
 .text.tu_fifo_count
                0x100078f4       0x2c CMakeFiles/blink.dir/C_/Users/PC/.pico-sdk/sdk/1.5.1/lib/tinyusb/src/common/tusb_fifo.c.obj
                0x100078f4                tu_fifo_count
 .text.tu_fifo_empty
                0x10007920       0x10 CMakeFiles/blink.dir/C_/Users/PC/.pico-sdk/sdk/1.5.1/lib/tinyusb/src/common/tusb_fifo.c.obj
                0x10007920                tu_fifo_empty
 .text.tu_fifo_remaining
                0x10007930       0x2c CMakeFiles/blink.dir/C_/Users/PC/.pico-sdk/sdk/1.5.1/lib/tinyusb/src/common/tusb_fifo.c.obj
                0x10007930                tu_fifo_remaining
 .text.tu_fifo_read
                0x1000795c       0x9c CMakeFiles/blink.dir/C_/Users/PC/.pico-sdk/sdk/1.5.1/lib/tinyusb/src/common/tusb_fifo.c.obj
                0x1000795c                tu_fifo_read
 .text.tu_fifo_read_n
                0x100079f8       0xe8 CMakeFiles/blink.dir/C_/Users/PC/.pico-sdk/sdk/1.5.1/lib/tinyusb/src/common/tusb_fifo.c.obj
                0x100079f8                tu_fifo_read_n
 .text.tu_fifo_write
                0x10007ae0       0xa8 CMakeFiles/blink.dir/C_/Users/PC/.pico-sdk/sdk/1.5.1/lib/tinyusb/src/common/tusb_fifo.c.obj
                0x10007ae0                tu_fifo_write
 .text.tu_fifo_write_n
                0x10007b88      0x178 CMakeFiles/blink.dir/C_/Users/PC/.pico-sdk/sdk/1.5.1/lib/tinyusb/src/common/tusb_fifo.c.obj
                0x10007b88                tu_fifo_write_n
 .text.tu_fifo_clear
                0x10007d00       0x40 CMakeFiles/blink.dir/C_/Users/PC/.pico-sdk/sdk/1.5.1/lib/tinyusb/src/common/tusb_fifo.c.obj
                0x10007d00                tu_fifo_clear
 .text.tu_fifo_set_overwritable
                0x10007d40       0x48 CMakeFiles/blink.dir/C_/Users/PC/.pico-sdk/sdk/1.5.1/lib/tinyusb/src/common/tusb_fifo.c.obj
                0x10007d40                tu_fifo_set_overwritable
 *fill*         0x10007d88        0x8 
 .text.vPortStartFirstTask
                0x10007d90       0x34 CMakeFiles/blink.dir/C_/Users/PC/.pico-sdk/sdk/1.5.1/lib/FreeRTOS-Kernel/portable/ThirdParty/GCC/RP2040/port.c.obj
 *fill*         0x10007dc4        0xc 
 .text.xPortPendSVHandler
                0x10007dd0       0x64 CMakeFiles/blink.dir/C_/Users/PC/.pico-sdk/sdk/1.5.1/lib/FreeRTOS-Kernel/portable/ThirdParty/GCC/RP2040/port.c.obj
                0x10007dd0                xPortPendSVHandler
 .text.prvTaskExitError
                0x10007e34        0x8 CMakeFiles/blink.dir/C_/Users/PC/.pico-sdk/sdk/1.5.1/lib/FreeRTOS-Kernel/portable/ThirdParty/GCC/RP2040/port.c.obj
 .text.prvFIFOInterruptHandler
                0x10007e3c       0x78 CMakeFiles/blink.dir/C_/Users/PC/.pico-sdk/sdk/1.5.1/lib/FreeRTOS-Kernel/portable/ThirdParty/GCC/RP2040/port.c.obj
 .text.vPortSVCHandler
                0x10007eb4        0x4 CMakeFiles/blink.dir/C_/Users/PC/.pico-sdk/sdk/1.5.1/lib/FreeRTOS-Kernel/portable/ThirdParty/GCC/RP2040/port.c.obj
                0x10007eb4                vPortSVCHandler
 .text.pxPortInitialiseStack
                0x10007eb8       0x20 CMakeFiles/blink.dir/C_/Users/PC/.pico-sdk/sdk/1.5.1/lib/FreeRTOS-Kernel/portable/ThirdParty/GCC/RP2040/port.c.obj
                0x10007eb8                pxPortInitialiseStack
 .text.vPortYield
                0x10007ed8       0x18 CMakeFiles/blink.dir/C_/Users/PC/.pico-sdk/sdk/1.5.1/lib/FreeRTOS-Kernel/portable/ThirdParty/GCC/RP2040/port.c.obj
                0x10007ed8                vPortYield
 .text.vPortEnterCritical
                0x10007ef0       0x18 CMakeFiles/blink.dir/C_/Users/PC/.pico-sdk/sdk/1.5.1/lib/FreeRTOS-Kernel/portable/ThirdParty/GCC/RP2040/port.c.obj
                0x10007ef0                vPortEnterCritical
 .text.vPortExitCritical
                0x10007f08       0x14 CMakeFiles/blink.dir/C_/Users/PC/.pico-sdk/sdk/1.5.1/lib/FreeRTOS-Kernel/portable/ThirdParty/GCC/RP2040/port.c.obj
                0x10007f08                vPortExitCritical
 .text.ulSetInterruptMaskFromISR
                0x10007f1c        0x8 CMakeFiles/blink.dir/C_/Users/PC/.pico-sdk/sdk/1.5.1/lib/FreeRTOS-Kernel/portable/ThirdParty/GCC/RP2040/port.c.obj
                0x10007f1c                ulSetInterruptMaskFromISR
 .text.vClearInterruptMaskFromISR
                0x10007f24        0x8 CMakeFiles/blink.dir/C_/Users/PC/.pico-sdk/sdk/1.5.1/lib/FreeRTOS-Kernel/portable/ThirdParty/GCC/RP2040/port.c.obj
                0x10007f24                vClearInterruptMaskFromISR
 .text.xPortSysTickHandler
                0x10007f2c       0x24 CMakeFiles/blink.dir/C_/Users/PC/.pico-sdk/sdk/1.5.1/lib/FreeRTOS-Kernel/portable/ThirdParty/GCC/RP2040/port.c.obj
                0x10007f2c                xPortSysTickHandler
 .text.vPortSetupTimerInterrupt
                0x10007f50       0x34 CMakeFiles/blink.dir/C_/Users/PC/.pico-sdk/sdk/1.5.1/lib/FreeRTOS-Kernel/portable/ThirdParty/GCC/RP2040/port.c.obj
                0x10007f50                vPortSetupTimerInterrupt
 .text.xPortStartScheduler
                0x10007f84       0xa0 CMakeFiles/blink.dir/C_/Users/PC/.pico-sdk/sdk/1.5.1/lib/FreeRTOS-Kernel/portable/ThirdParty/GCC/RP2040/port.c.obj
                0x10007f84                xPortStartScheduler
 .text.ulPortLockGetCurrentOwnerId
                0x10008024       0x2c CMakeFiles/blink.dir/C_/Users/PC/.pico-sdk/sdk/1.5.1/lib/FreeRTOS-Kernel/portable/ThirdParty/GCC/RP2040/port.c.obj
                0x10008024                ulPortLockGetCurrentOwnerId
 .text.vPortLockInternalSpinUnlockWithWait
                0x10008050       0x68 CMakeFiles/blink.dir/C_/Users/PC/.pico-sdk/sdk/1.5.1/lib/FreeRTOS-Kernel/portable/ThirdParty/GCC/RP2040/port.c.obj
                0x10008050                vPortLockInternalSpinUnlockWithWait
 .text.vPortLockInternalSpinUnlockWithNotify
                0x100080b8       0xcc CMakeFiles/blink.dir/C_/Users/PC/.pico-sdk/sdk/1.5.1/lib/FreeRTOS-Kernel/portable/ThirdParty/GCC/RP2040/port.c.obj
                0x100080b8                vPortLockInternalSpinUnlockWithNotify
 .text.xPortLockInternalSpinUnlockWithBestEffortWaitOrTimeout
                0x10008184       0xfc CMakeFiles/blink.dir/C_/Users/PC/.pico-sdk/sdk/1.5.1/lib/FreeRTOS-Kernel/portable/ThirdParty/GCC/RP2040/port.c.obj
                0x10008184                xPortLockInternalSpinUnlockWithBestEffortWaitOrTimeout
 .text.startup.prvRuntimeInitializer
                0x10008280       0x28 CMakeFiles/blink.dir/C_/Users/PC/.pico-sdk/sdk/1.5.1/lib/FreeRTOS-Kernel/portable/ThirdParty/GCC/RP2040/port.c.obj
 .text.vEventGroupSetBitsCallback
                0x100082a8       0x90 CMakeFiles/blink.dir/C_/Users/PC/.pico-sdk/sdk/1.5.1/lib/FreeRTOS-Kernel/event_groups.c.obj
                0x100082a8                vEventGroupSetBitsCallback
 .text.xEventGroupCreate
                0x10008338       0x18 CMakeFiles/blink.dir/C_/Users/PC/.pico-sdk/sdk/1.5.1/lib/FreeRTOS-Kernel/event_groups.c.obj
                0x10008338                xEventGroupCreate
 .text.xEventGroupWaitBits
                0x10008350       0xb8 CMakeFiles/blink.dir/C_/Users/PC/.pico-sdk/sdk/1.5.1/lib/FreeRTOS-Kernel/event_groups.c.obj
                0x10008350                xEventGroupWaitBits
 .text.xEventGroupSetBits
                0x10008408       0x94 CMakeFiles/blink.dir/C_/Users/PC/.pico-sdk/sdk/1.5.1/lib/FreeRTOS-Kernel/event_groups.c.obj
                0x10008408                xEventGroupSetBits
 .text.xEventGroupSetBitsFromISR
                0x1000849c       0x18 CMakeFiles/blink.dir/C_/Users/PC/.pico-sdk/sdk/1.5.1/lib/FreeRTOS-Kernel/event_groups.c.obj
                0x1000849c                xEventGroupSetBitsFromISR
 .text.vListInitialise
                0x100084b4       0x18 CMakeFiles/blink.dir/C_/Users/PC/.pico-sdk/sdk/1.5.1/lib/FreeRTOS-Kernel/list.c.obj
                0x100084b4                vListInitialise
 .text.vListInitialiseItem
                0x100084cc        0x8 CMakeFiles/blink.dir/C_/Users/PC/.pico-sdk/sdk/1.5.1/lib/FreeRTOS-Kernel/list.c.obj
                0x100084cc                vListInitialiseItem
 .text.vListInsert
                0x100084d4       0x30 CMakeFiles/blink.dir/C_/Users/PC/.pico-sdk/sdk/1.5.1/lib/FreeRTOS-Kernel/list.c.obj
                0x100084d4                vListInsert
 .text.uxListRemove
                0x10008504       0x20 CMakeFiles/blink.dir/C_/Users/PC/.pico-sdk/sdk/1.5.1/lib/FreeRTOS-Kernel/list.c.obj
                0x10008504                uxListRemove
 .text.prvUnlockQueue
                0x10008524      0x180 CMakeFiles/blink.dir/C_/Users/PC/.pico-sdk/sdk/1.5.1/lib/FreeRTOS-Kernel/queue.c.obj
 .text.prvNotifyQueueSetContainer
                0x100086a4       0x90 CMakeFiles/blink.dir/C_/Users/PC/.pico-sdk/sdk/1.5.1/lib/FreeRTOS-Kernel/queue.c.obj
 .text.xQueueGenericCreate
                0x10008734       0xa4 CMakeFiles/blink.dir/C_/Users/PC/.pico-sdk/sdk/1.5.1/lib/FreeRTOS-Kernel/queue.c.obj
                0x10008734                xQueueGenericCreate
 .text.xQueueGenericSend
                0x100087d8      0x1d8 CMakeFiles/blink.dir/C_/Users/PC/.pico-sdk/sdk/1.5.1/lib/FreeRTOS-Kernel/queue.c.obj
                0x100087d8                xQueueGenericSend
 .text.xQueueGenericSendFromISR
                0x100089b0      0x134 CMakeFiles/blink.dir/C_/Users/PC/.pico-sdk/sdk/1.5.1/lib/FreeRTOS-Kernel/queue.c.obj
                0x100089b0                xQueueGenericSendFromISR
 .text.xQueueReceive
                0x10008ae4      0x11c CMakeFiles/blink.dir/C_/Users/PC/.pico-sdk/sdk/1.5.1/lib/FreeRTOS-Kernel/queue.c.obj
                0x10008ae4                xQueueReceive
 .text.xQueueSemaphoreTake
                0x10008c00      0x14c CMakeFiles/blink.dir/C_/Users/PC/.pico-sdk/sdk/1.5.1/lib/FreeRTOS-Kernel/queue.c.obj
                0x10008c00                xQueueSemaphoreTake
 .text.vQueueAddToRegistry
                0x10008d4c      0x118 CMakeFiles/blink.dir/C_/Users/PC/.pico-sdk/sdk/1.5.1/lib/FreeRTOS-Kernel/queue.c.obj
                0x10008d4c                vQueueAddToRegistry
 .text.vQueueWaitForMessageRestricted
                0x10008e64       0x48 CMakeFiles/blink.dir/C_/Users/PC/.pico-sdk/sdk/1.5.1/lib/FreeRTOS-Kernel/queue.c.obj
                0x10008e64                vQueueWaitForMessageRestricted
 .text.prvAddNewTaskToReadyList
                0x10008eac      0x124 CMakeFiles/blink.dir/C_/Users/PC/.pico-sdk/sdk/1.5.1/lib/FreeRTOS-Kernel/tasks.c.obj
 .text.prvIdleTask
                0x10008fd0       0x60 CMakeFiles/blink.dir/C_/Users/PC/.pico-sdk/sdk/1.5.1/lib/FreeRTOS-Kernel/tasks.c.obj
 .text.xTaskIncrementTick.part.0
                0x10009030      0x190 CMakeFiles/blink.dir/C_/Users/PC/.pico-sdk/sdk/1.5.1/lib/FreeRTOS-Kernel/tasks.c.obj
 .text.xTaskCreate
                0x100091c0      0x138 CMakeFiles/blink.dir/C_/Users/PC/.pico-sdk/sdk/1.5.1/lib/FreeRTOS-Kernel/tasks.c.obj
                0x100091c0                xTaskCreate
 .text.vTaskStartScheduler
                0x100092f8       0xd4 CMakeFiles/blink.dir/C_/Users/PC/.pico-sdk/sdk/1.5.1/lib/FreeRTOS-Kernel/tasks.c.obj
                0x100092f8                vTaskStartScheduler
 .text.vTaskSuspendAll
                0x100093cc       0x10 CMakeFiles/blink.dir/C_/Users/PC/.pico-sdk/sdk/1.5.1/lib/FreeRTOS-Kernel/tasks.c.obj
                0x100093cc                vTaskSuspendAll
 .text.xTaskResumeAll
                0x100093dc      0x188 CMakeFiles/blink.dir/C_/Users/PC/.pico-sdk/sdk/1.5.1/lib/FreeRTOS-Kernel/tasks.c.obj
                0x100093dc                xTaskResumeAll
 .text.vTaskDelay
                0x10009564       0x84 CMakeFiles/blink.dir/C_/Users/PC/.pico-sdk/sdk/1.5.1/lib/FreeRTOS-Kernel/tasks.c.obj
                0x10009564                vTaskDelay
 .text.xTaskGetTickCount
                0x100095e8        0xc CMakeFiles/blink.dir/C_/Users/PC/.pico-sdk/sdk/1.5.1/lib/FreeRTOS-Kernel/tasks.c.obj
                0x100095e8                xTaskGetTickCount
 .text.uxTaskGetNumberOfTasks
                0x100095f4        0xc CMakeFiles/blink.dir/C_/Users/PC/.pico-sdk/sdk/1.5.1/lib/FreeRTOS-Kernel/tasks.c.obj
                0x100095f4                uxTaskGetNumberOfTasks
 .text.xTaskIncrementTick
                0x10009600       0x24 CMakeFiles/blink.dir/C_/Users/PC/.pico-sdk/sdk/1.5.1/lib/FreeRTOS-Kernel/tasks.c.obj
                0x10009600                xTaskIncrementTick
 .text.vTaskSwitchContext
                0x10009624       0x7c CMakeFiles/blink.dir/C_/Users/PC/.pico-sdk/sdk/1.5.1/lib/FreeRTOS-Kernel/tasks.c.obj
                0x10009624                vTaskSwitchContext
 .text.vTaskPlaceOnEventList
                0x100096a0       0xa0 CMakeFiles/blink.dir/C_/Users/PC/.pico-sdk/sdk/1.5.1/lib/FreeRTOS-Kernel/tasks.c.obj
                0x100096a0                vTaskPlaceOnEventList
 .text.vTaskPlaceOnUnorderedEventList
                0x10009740       0xc4 CMakeFiles/blink.dir/C_/Users/PC/.pico-sdk/sdk/1.5.1/lib/FreeRTOS-Kernel/tasks.c.obj
                0x10009740                vTaskPlaceOnUnorderedEventList
 .text.vTaskPlaceOnEventListRestricted
                0x10009804       0xf4 CMakeFiles/blink.dir/C_/Users/PC/.pico-sdk/sdk/1.5.1/lib/FreeRTOS-Kernel/tasks.c.obj
                0x10009804                vTaskPlaceOnEventListRestricted
 .text.xTaskRemoveFromEventList
                0x100098f8       0xcc CMakeFiles/blink.dir/C_/Users/PC/.pico-sdk/sdk/1.5.1/lib/FreeRTOS-Kernel/tasks.c.obj
                0x100098f8                xTaskRemoveFromEventList
 .text.vTaskRemoveFromUnorderedEventList
                0x100099c4       0x94 CMakeFiles/blink.dir/C_/Users/PC/.pico-sdk/sdk/1.5.1/lib/FreeRTOS-Kernel/tasks.c.obj
                0x100099c4                vTaskRemoveFromUnorderedEventList
 .text.vTaskInternalSetTimeOutState
                0x10009a58       0x18 CMakeFiles/blink.dir/C_/Users/PC/.pico-sdk/sdk/1.5.1/lib/FreeRTOS-Kernel/tasks.c.obj
                0x10009a58                vTaskInternalSetTimeOutState
 .text.xTaskCheckForTimeOut
                0x10009a70       0x74 CMakeFiles/blink.dir/C_/Users/PC/.pico-sdk/sdk/1.5.1/lib/FreeRTOS-Kernel/tasks.c.obj
                0x10009a70                xTaskCheckForTimeOut
 .text.vTaskMissedYield
                0x10009ae4        0xc CMakeFiles/blink.dir/C_/Users/PC/.pico-sdk/sdk/1.5.1/lib/FreeRTOS-Kernel/tasks.c.obj
                0x10009ae4                vTaskMissedYield
 .text.xTaskGetCurrentTaskHandle
                0x10009af0        0xc CMakeFiles/blink.dir/C_/Users/PC/.pico-sdk/sdk/1.5.1/lib/FreeRTOS-Kernel/tasks.c.obj
                0x10009af0                xTaskGetCurrentTaskHandle
 .text.xTaskPriorityInherit
                0x10009afc       0x94 CMakeFiles/blink.dir/C_/Users/PC/.pico-sdk/sdk/1.5.1/lib/FreeRTOS-Kernel/tasks.c.obj
                0x10009afc                xTaskPriorityInherit
 .text.xTaskPriorityDisinherit
                0x10009b90       0x64 CMakeFiles/blink.dir/C_/Users/PC/.pico-sdk/sdk/1.5.1/lib/FreeRTOS-Kernel/tasks.c.obj
                0x10009b90                xTaskPriorityDisinherit
 .text.vTaskPriorityDisinheritAfterTimeout
                0x10009bf4       0x7c CMakeFiles/blink.dir/C_/Users/PC/.pico-sdk/sdk/1.5.1/lib/FreeRTOS-Kernel/tasks.c.obj
                0x10009bf4                vTaskPriorityDisinheritAfterTimeout
 .text.uxTaskResetEventItemValue
                0x10009c70       0x18 CMakeFiles/blink.dir/C_/Users/PC/.pico-sdk/sdk/1.5.1/lib/FreeRTOS-Kernel/tasks.c.obj
                0x10009c70                uxTaskResetEventItemValue
 .text.pvTaskIncrementMutexHeldCount
                0x10009c88       0x14 CMakeFiles/blink.dir/C_/Users/PC/.pico-sdk/sdk/1.5.1/lib/FreeRTOS-Kernel/tasks.c.obj
                0x10009c88                pvTaskIncrementMutexHeldCount
 .text.prvTimerTask
                0x10009c9c      0x38c CMakeFiles/blink.dir/C_/Users/PC/.pico-sdk/sdk/1.5.1/lib/FreeRTOS-Kernel/timers.c.obj
 .text.xTimerCreateTimerTask
                0x1000a028       0x8c CMakeFiles/blink.dir/C_/Users/PC/.pico-sdk/sdk/1.5.1/lib/FreeRTOS-Kernel/timers.c.obj
                0x1000a028                xTimerCreateTimerTask
 .text.xTimerPendFunctionCallFromISR
                0x1000a0b4       0x28 CMakeFiles/blink.dir/C_/Users/PC/.pico-sdk/sdk/1.5.1/lib/FreeRTOS-Kernel/timers.c.obj
                0x1000a0b4                xTimerPendFunctionCallFromISR
 .text.exception_set_exclusive_handler
                0x1000a0dc       0x48 CMakeFiles/blink.dir/C_/Users/PC/.pico-sdk/sdk/1.5.1/src/rp2_common/hardware_exception/exception.c.obj
                0x1000a0dc                exception_set_exclusive_handler
 .text.pvPortMalloc
                0x1000a124      0x124 CMakeFiles/blink.dir/C_/Users/PC/.pico-sdk/sdk/1.5.1/lib/FreeRTOS-Kernel/portable/MemMang/heap_4.c.obj
                0x1000a124                pvPortMalloc
 .text.vPortFree
                0x1000a248       0x98 CMakeFiles/blink.dir/C_/Users/PC/.pico-sdk/sdk/1.5.1/lib/FreeRTOS-Kernel/portable/MemMang/heap_4.c.obj
                0x1000a248                vPortFree
 .text.i2c_set_baudrate
                0x1000a2e0       0xc4 CMakeFiles/blink.dir/C_/Users/PC/.pico-sdk/sdk/1.5.1/src/rp2_common/hardware_i2c/i2c.c.obj
                0x1000a2e0                i2c_set_baudrate
 .text.i2c_init
                0x1000a3a4       0x50 CMakeFiles/blink.dir/C_/Users/PC/.pico-sdk/sdk/1.5.1/src/rp2_common/hardware_i2c/i2c.c.obj
                0x1000a3a4                i2c_init
 .text.i2c_write_blocking
                0x1000a3f4       0xd0 CMakeFiles/blink.dir/C_/Users/PC/.pico-sdk/sdk/1.5.1/src/rp2_common/hardware_i2c/i2c.c.obj
                0x1000a3f4                i2c_write_blocking
 .text.i2c_read_blocking
                0x1000a4c4       0x90 CMakeFiles/blink.dir/C_/Users/PC/.pico-sdk/sdk/1.5.1/src/rp2_common/hardware_i2c/i2c.c.obj
                0x1000a4c4                i2c_read_blocking
 .text.spi_init
                0x1000a554      0x14c CMakeFiles/blink.dir/C_/Users/PC/.pico-sdk/sdk/1.5.1/src/rp2_common/hardware_spi/spi.c.obj
                0x1000a554                spi_init
 .text.strlen   0x1000a6a0       0x5c C:/Users/PC/.pico-sdk/toolchain/13_2_Rel1/bin/../lib/gcc/arm-none-eabi/13.2.1/thumb/v6-m/nofp\libc.a(libc_a-strlen-stub.o)
                0x1000a6a0                strlen
 *(.fini)
 .fini          0x1000a6fc        0x4 C:/Users/PC/.pico-sdk/toolchain/13_2_Rel1/bin/../lib/gcc/arm-none-eabi/13.2.1/thumb/v6-m/nofp/crti.o
                0x1000a6fc                _fini
 .fini.__stub   0x1000a700       0xe0 linker stubs
 *crtbegin.o(.ctors)
 *crtbegin?.o(.ctors)
 *(EXCLUDE_FILE(*crtend.o *crtend?.o) .ctors)
 *(SORT_BY_NAME(.ctors.*))
 *(.ctors)
 *crtbegin.o(.dtors)
 *crtbegin?.o(.dtors)
 *(EXCLUDE_FILE(*crtend.o *crtend?.o) .dtors)
 *(SORT_BY_NAME(.dtors.*))
 *(.dtors)
 *(.eh_frame*)
 .eh_frame      0x1000a7e0        0x0 C:/Users/PC/.pico-sdk/toolchain/13_2_Rel1/bin/../lib/gcc/arm-none-eabi/13.2.1/thumb/v6-m/nofp/crtbegin.o
                0x1000a7e0                        . = ALIGN (0x4)

.glue_7         0x1000a7e0        0x0
 .glue_7        0x1000a7e0        0x0 linker stubs

.glue_7t        0x1000a7e0        0x0
 .glue_7t       0x1000a7e0        0x0 linker stubs

.vfp11_veneer   0x1000a7e0        0x0
 .vfp11_veneer  0x1000a7e0        0x0 linker stubs

.v4_bx          0x1000a7e0        0x0
 .v4_bx         0x1000a7e0        0x0 linker stubs

.iplt           0x1000a7e0        0x0
 .iplt          0x1000a7e0        0x0 C:/Users/PC/.pico-sdk/toolchain/13_2_Rel1/bin/../lib/gcc/arm-none-eabi/13.2.1/thumb/v6-m/nofp/crtbegin.o

.rodata         0x1000a7e0      0x84c
 *(EXCLUDE_FILE(*libm.a: *libc.a:*lib_a-mem*.o *libgcc.a:) .rodata*)
 .rodata.vTaskUpdateDisplay.str1.4
                0x1000a7e0      0x474 CMakeFiles/blink.dir/blink.c.obj
                                 0xed (size before relaxing)
 .rodata.vTaskReadLux.str1.4
                0x1000ac54       0x7b CMakeFiles/blink.dir/blink.c.obj
 .rodata.main.str1.4
                0x1000ac54       0x90 CMakeFiles/blink.dir/blink.c.obj
 .rodata.opt4001_init.str1.4
                0x1000ac54       0xdc CMakeFiles/blink.dir/opt4001.c.obj
 .rodata.CSWTCH.60
                0x1000ac54        0xf CMakeFiles/blink.dir/sx1509b.c.obj
 *fill*         0x1000ac63        0x1 
 .rodata.CSWTCH.59
                0x1000ac64        0xf CMakeFiles/blink.dir/sx1509b.c.obj
 *fill*         0x1000ac73        0x1 
 .rodata.CSWTCH.58
                0x1000ac74        0xf CMakeFiles/blink.dir/sx1509b.c.obj
 *fill*         0x1000ac83        0x1 
 .rodata.CSWTCH.57
                0x1000ac84        0xf CMakeFiles/blink.dir/sx1509b.c.obj
 *fill*         0x1000ac93        0x1 
 .rodata.CSWTCH.56
                0x1000ac94        0xf CMakeFiles/blink.dir/sx1509b.c.obj
 .rodata.spin_lock_claim_unused.str1.4
                0x1000aca3       0x1b CMakeFiles/blink.dir/C_/Users/PC/.pico-sdk/sdk/1.5.1/src/rp2_common/hardware_sync/sync.c.obj
 .rodata.user_irq_claim_unused.str1.4
                0x1000aca3       0x1b CMakeFiles/blink.dir/C_/Users/PC/.pico-sdk/sdk/1.5.1/src/rp2_common/hardware_irq/irq.c.obj
 .rodata.hardware_alarm_claim.str1.4
                0x1000aca3       0x22 CMakeFiles/blink.dir/C_/Users/PC/.pico-sdk/sdk/1.5.1/src/rp2_common/hardware_timer/timer.c.obj
 .rodata.panic.str1.4
                0x1000aca3       0x12 CMakeFiles/blink.dir/C_/Users/PC/.pico-sdk/sdk/1.5.1/src/rp2_common/pico_runtime/runtime.c.obj
 .rodata.panic_unsupported.str1.4
                0x1000aca3        0xe CMakeFiles/blink.dir/C_/Users/PC/.pico-sdk/sdk/1.5.1/src/rp2_common/pico_runtime/runtime.c.obj
 .rodata.hard_assertion_failure.str1.4
                0x1000aca3        0xc CMakeFiles/blink.dir/C_/Users/PC/.pico-sdk/sdk/1.5.1/src/rp2_common/pico_runtime/runtime.c.obj
 .rodata._ftoa.str1.4
                0x1000aca3       0x15 CMakeFiles/blink.dir/C_/Users/PC/.pico-sdk/sdk/1.5.1/src/rp2_common/pico_printf/printf.c.obj
 *fill*         0x1000aca3        0x1 
 .rodata._vsnprintf
                0x1000aca4      0x19c CMakeFiles/blink.dir/C_/Users/PC/.pico-sdk/sdk/1.5.1/src/rp2_common/pico_printf/printf.c.obj
 .rodata.pow10.0
                0x1000ae40       0x50 CMakeFiles/blink.dir/C_/Users/PC/.pico-sdk/sdk/1.5.1/src/rp2_common/pico_printf/printf.c.obj
 .rodata.str1.4
                0x1000ae90       0x3c CMakeFiles/blink.dir/C_/Users/PC/.pico-sdk/sdk/1.5.1/src/rp2_common/pico_standard_link/binary_info.c.obj
 .rodata.__bi_81
                0x1000ae90        0xc CMakeFiles/blink.dir/C_/Users/PC/.pico-sdk/sdk/1.5.1/src/rp2_common/pico_standard_link/binary_info.c.obj
 .rodata.__bi_75
                0x1000ae9c        0xc CMakeFiles/blink.dir/C_/Users/PC/.pico-sdk/sdk/1.5.1/src/rp2_common/pico_standard_link/binary_info.c.obj
 .rodata.__bi_44
                0x1000aea8        0xc CMakeFiles/blink.dir/C_/Users/PC/.pico-sdk/sdk/1.5.1/src/rp2_common/pico_standard_link/binary_info.c.obj
 .rodata.crlf_str.0
                0x1000aeb4        0x2 CMakeFiles/blink.dir/C_/Users/PC/.pico-sdk/sdk/1.5.1/src/rp2_common/pico_stdio/stdio.c.obj
 *fill*         0x1000aeb6        0x2 
 .rodata._resetd_driver
                0x1000aeb8       0x18 CMakeFiles/blink.dir/C_/Users/PC/.pico-sdk/sdk/1.5.1/src/rp2_common/pico_stdio_usb/reset_interface.c.obj
 .rodata.str1.4
                0x1000aed0       0x13 CMakeFiles/blink.dir/C_/Users/PC/.pico-sdk/sdk/1.5.1/src/rp2_common/pico_stdio_usb/stdio_usb.c.obj
 .rodata.__bi_182.0
                0x1000aed0        0xc CMakeFiles/blink.dir/C_/Users/PC/.pico-sdk/sdk/1.5.1/src/rp2_common/pico_stdio_usb/stdio_usb.c.obj
 .rodata.str1.4
                0x1000aedc       0x2a CMakeFiles/blink.dir/C_/Users/PC/.pico-sdk/sdk/1.5.1/src/rp2_common/pico_stdio_usb/stdio_usb_descriptors.c.obj
 .rodata.usbd_desc_str
                0x1000aedc       0x18 CMakeFiles/blink.dir/C_/Users/PC/.pico-sdk/sdk/1.5.1/src/rp2_common/pico_stdio_usb/stdio_usb_descriptors.c.obj
 .rodata.usbd_desc_cfg
                0x1000aef4       0x54 CMakeFiles/blink.dir/C_/Users/PC/.pico-sdk/sdk/1.5.1/src/rp2_common/pico_stdio_usb/stdio_usb_descriptors.c.obj
 .rodata.usbd_desc_device
                0x1000af48       0x12 CMakeFiles/blink.dir/C_/Users/PC/.pico-sdk/sdk/1.5.1/src/rp2_common/pico_stdio_usb/stdio_usb_descriptors.c.obj
 .rodata.str1.4
                0x1000af5a       0x14 CMakeFiles/blink.dir/C_/Users/PC/.pico-sdk/sdk/1.5.1/lib/tinyusb/src/portable/raspberrypi/rp2040/dcd_rp2040.c.obj
 .rodata.str1.4
                0x1000af5a       0x53 CMakeFiles/blink.dir/C_/Users/PC/.pico-sdk/sdk/1.5.1/lib/tinyusb/src/portable/raspberrypi/rp2040/rp2040_usb.c.obj
 *fill*         0x1000af5a        0x2 
 .rodata.tud_task_ext
                0x1000af5c       0x8c CMakeFiles/blink.dir/C_/Users/PC/.pico-sdk/sdk/1.5.1/lib/tinyusb/src/device/usbd.c.obj
 .rodata._usbd_driver
                0x1000afe8       0x18 CMakeFiles/blink.dir/C_/Users/PC/.pico-sdk/sdk/1.5.1/lib/tinyusb/src/device/usbd.c.obj
 .rodata.uxTopUsedPriority
                0x1000b000        0x4 CMakeFiles/blink.dir/C_/Users/PC/.pico-sdk/sdk/1.5.1/lib/FreeRTOS-Kernel/tasks.c.obj
 .rodata.prvTimerTask
                0x1000b004       0x28 CMakeFiles/blink.dir/C_/Users/PC/.pico-sdk/sdk/1.5.1/lib/FreeRTOS-Kernel/timers.c.obj
 .rodata.xTimerCreateTimerTask.str1.4
                0x1000b02c       0x10 CMakeFiles/blink.dir/C_/Users/PC/.pico-sdk/sdk/1.5.1/lib/FreeRTOS-Kernel/timers.c.obj
                0x1000b03c                        . = ALIGN (0x4)
 *(SORT_BY_ALIGNMENT(SORT_BY_NAME(.flashdata*)))
                0x1000b03c                        . = ALIGN (0x4)

.ARM.extab
 *(.ARM.extab* .gnu.linkonce.armextab.*)
                0x1000b02c                        __exidx_start = .

.ARM.exidx
 *(.ARM.exidx* .gnu.linkonce.armexidx.*)
                0x1000b02c                        __exidx_end = .
                0x1000b03c                        . = ALIGN (0x4)
                0x1000b02c                        __binary_info_start = .

.binary_info    0x1000b02c       0x20
 *(.binary_info.keep.*)
 .binary_info.keep.__bi_ptr81
                0x1000b02c        0x4 CMakeFiles/blink.dir/C_/Users/PC/.pico-sdk/sdk/1.5.1/src/rp2_common/pico_standard_link/binary_info.c.obj
 .binary_info.keep.__bi_ptr75
                0x1000b030        0x4 CMakeFiles/blink.dir/C_/Users/PC/.pico-sdk/sdk/1.5.1/src/rp2_common/pico_standard_link/binary_info.c.obj
 .binary_info.keep.__bi_ptr50
                0x1000b034        0x4 CMakeFiles/blink.dir/C_/Users/PC/.pico-sdk/sdk/1.5.1/src/rp2_common/pico_standard_link/binary_info.c.obj
 .binary_info.keep.__bi_ptr44
                0x1000b038        0x4 CMakeFiles/blink.dir/C_/Users/PC/.pico-sdk/sdk/1.5.1/src/rp2_common/pico_standard_link/binary_info.c.obj
 .binary_info.keep.__bi_ptr38
                0x1000b03c        0x4 CMakeFiles/blink.dir/C_/Users/PC/.pico-sdk/sdk/1.5.1/src/rp2_common/pico_standard_link/binary_info.c.obj
 .binary_info.keep.__bi_ptr30
                0x1000b040        0x4 CMakeFiles/blink.dir/C_/Users/PC/.pico-sdk/sdk/1.5.1/src/rp2_common/pico_standard_link/binary_info.c.obj
 .binary_info.keep.__bi_ptr22
                0x1000b044        0x4 CMakeFiles/blink.dir/C_/Users/PC/.pico-sdk/sdk/1.5.1/src/rp2_common/pico_standard_link/binary_info.c.obj
 *(.binary_info.*)
 .binary_info.__bi_ptr182
                0x1000b048        0x4 CMakeFiles/blink.dir/C_/Users/PC/.pico-sdk/sdk/1.5.1/src/rp2_common/pico_stdio_usb/stdio_usb.c.obj
                0x1000b04c                        __binary_info_end = .

.rel.dyn        0x1000b04c        0x0
 .rel.iplt      0x1000b04c        0x0 C:/Users/PC/.pico-sdk/toolchain/13_2_Rel1/bin/../lib/gcc/arm-none-eabi/13.2.1/thumb/v6-m/nofp/crtbegin.o
                0x1000b04c                        . = ALIGN (0x4)

.ram_vector_table
                0x20000000       0xc0
 *(.ram_vector_table)
 .ram_vector_table
                0x20000000       0xc0 CMakeFiles/blink.dir/C_/Users/PC/.pico-sdk/sdk/1.5.1/src/rp2_common/pico_runtime/runtime.c.obj
                0x20000000                ram_vector_table

.data           0x200000c0      0xf04 load address 0x1000b04c
                0x200000c0                        __data_start__ = .
 *(vtable)
 *(.time_critical*)
 .time_critical.mutex_try_enter
                0x200000c0       0x40 CMakeFiles/blink.dir/C_/Users/PC/.pico-sdk/sdk/1.5.1/src/common/pico_sync/mutex.c.obj
                0x200000c0                mutex_try_enter
 .time_critical.mutex_try_enter_block_until
                0x20000100       0xa0 CMakeFiles/blink.dir/C_/Users/PC/.pico-sdk/sdk/1.5.1/src/common/pico_sync/mutex.c.obj
                0x20000100                mutex_try_enter_block_until
 .time_critical.mutex_enter_timeout_ms
                0x200001a0       0x78 CMakeFiles/blink.dir/C_/Users/PC/.pico-sdk/sdk/1.5.1/src/common/pico_sync/mutex.c.obj
                0x200001a0                mutex_enter_timeout_ms
 .time_critical.mutex_exit
                0x20000218       0x20 CMakeFiles/blink.dir/C_/Users/PC/.pico-sdk/sdk/1.5.1/src/common/pico_sync/mutex.c.obj
                0x20000218                mutex_exit
 .time_critical.flash_init_boot2_copyout
                0x20000238       0x30 CMakeFiles/blink.dir/C_/Users/PC/.pico-sdk/sdk/1.5.1/src/rp2_common/hardware_flash/flash.c.obj
 .time_critical.flash_enable_xip_via_boot2
                0x20000268        0xc CMakeFiles/blink.dir/C_/Users/PC/.pico-sdk/sdk/1.5.1/src/rp2_common/hardware_flash/flash.c.obj
 .time_critical.flash_cs_force
                0x20000274       0x38 CMakeFiles/blink.dir/C_/Users/PC/.pico-sdk/sdk/1.5.1/src/rp2_common/hardware_flash/flash.c.obj
 .time_critical.flash_do_cmd
                0x200002ac       0xc0 CMakeFiles/blink.dir/C_/Users/PC/.pico-sdk/sdk/1.5.1/src/rp2_common/hardware_flash/flash.c.obj
                0x200002ac                flash_do_cmd
 .time_critical.reset_non_control_endpoints
                0x2000036c       0x68 CMakeFiles/blink.dir/C_/Users/PC/.pico-sdk/sdk/1.5.1/lib/tinyusb/src/portable/raspberrypi/rp2040/dcd_rp2040.c.obj
 .time_critical.hw_handle_buff_status
                0x200003d4       0xb0 CMakeFiles/blink.dir/C_/Users/PC/.pico-sdk/sdk/1.5.1/lib/tinyusb/src/portable/raspberrypi/rp2040/dcd_rp2040.c.obj
 .time_critical.dcd_rp2040_irq
                0x20000484      0x510 CMakeFiles/blink.dir/C_/Users/PC/.pico-sdk/sdk/1.5.1/lib/tinyusb/src/portable/raspberrypi/rp2040/dcd_rp2040.c.obj
 .time_critical.e15_is_bulkin_ep
                0x20000994       0x28 CMakeFiles/blink.dir/C_/Users/PC/.pico-sdk/sdk/1.5.1/lib/tinyusb/src/portable/raspberrypi/rp2040/rp2040_usb.c.obj
 .time_critical.e15_is_critical_frame_period
                0x200009bc       0x34 CMakeFiles/blink.dir/C_/Users/PC/.pico-sdk/sdk/1.5.1/lib/tinyusb/src/portable/raspberrypi/rp2040/rp2040_usb.c.obj
 .time_critical.prepare_ep_buffer
                0x200009f0       0x6c CMakeFiles/blink.dir/C_/Users/PC/.pico-sdk/sdk/1.5.1/lib/tinyusb/src/portable/raspberrypi/rp2040/rp2040_usb.c.obj
 .time_critical.sync_ep_buffer
                0x20000a5c       0x48 CMakeFiles/blink.dir/C_/Users/PC/.pico-sdk/sdk/1.5.1/lib/tinyusb/src/portable/raspberrypi/rp2040/rp2040_usb.c.obj
 .time_critical._hw_endpoint_xfer_sync
                0x20000aa4       0x28 CMakeFiles/blink.dir/C_/Users/PC/.pico-sdk/sdk/1.5.1/lib/tinyusb/src/portable/raspberrypi/rp2040/rp2040_usb.c.obj
 .time_critical.hw_endpoint_reset_transfer
                0x20000acc        0xc CMakeFiles/blink.dir/C_/Users/PC/.pico-sdk/sdk/1.5.1/lib/tinyusb/src/portable/raspberrypi/rp2040/rp2040_usb.c.obj
                0x20000acc                hw_endpoint_reset_transfer
 .time_critical._hw_endpoint_buffer_control_update32
                0x20000ad8       0x58 CMakeFiles/blink.dir/C_/Users/PC/.pico-sdk/sdk/1.5.1/lib/tinyusb/src/portable/raspberrypi/rp2040/rp2040_usb.c.obj
                0x20000ad8                _hw_endpoint_buffer_control_update32
 .time_critical.hw_endpoint_start_next_buffer
                0x20000b30       0x6c CMakeFiles/blink.dir/C_/Users/PC/.pico-sdk/sdk/1.5.1/lib/tinyusb/src/portable/raspberrypi/rp2040/rp2040_usb.c.obj
                0x20000b30                hw_endpoint_start_next_buffer
 .time_critical.hw_endpoint_xfer_continue
                0x20000b9c       0x50 CMakeFiles/blink.dir/C_/Users/PC/.pico-sdk/sdk/1.5.1/lib/tinyusb/src/portable/raspberrypi/rp2040/rp2040_usb.c.obj
                0x20000b9c                hw_endpoint_xfer_continue
 .time_critical.tinyusb
                0x20000bec      0x16c CMakeFiles/blink.dir/C_/Users/PC/.pico-sdk/sdk/1.5.1/lib/tinyusb/src/device/usbd.c.obj
                0x20000bec                dcd_event_handler
 .time_critical.spi_write_read_blocking
                0x20000d58       0x74 CMakeFiles/blink.dir/C_/Users/PC/.pico-sdk/sdk/1.5.1/src/rp2_common/hardware_spi/spi.c.obj
                0x20000d58                spi_write_read_blocking
 .time_critical.spi_write_blocking
                0x20000dcc       0x4c CMakeFiles/blink.dir/C_/Users/PC/.pico-sdk/sdk/1.5.1/src/rp2_common/hardware_spi/spi.c.obj
                0x20000dcc                spi_write_blocking
 *(.text*)
 .text          0x20000e18        0x4 C:/Users/PC/.pico-sdk/toolchain/13_2_Rel1/bin/../lib/gcc/arm-none-eabi/13.2.1/thumb/v6-m/nofp\libgcc.a(_dvmd_tls.o)
                0x20000e18                __aeabi_idiv0
                0x20000e18                __aeabi_ldiv0
 *fill*         0x20000e1c        0x4 
 .text.__stub   0x20000e20       0x90 linker stubs
                0x20000eb0                        . = ALIGN (0x4)
 *(.rodata*)
                0x20000eb0                        . = ALIGN (0x4)
 *(.data*)
 .data.striped_spin_lock_num
                0x20000eb0        0x1 CMakeFiles/blink.dir/C_/Users/PC/.pico-sdk/sdk/1.5.1/src/rp2_common/hardware_sync/sync.c.obj
 *fill*         0x20000eb1        0x3 
 .data          0x20000eb4       0x48 CMakeFiles/blink.dir/C_/Users/PC/.pico-sdk/sdk/1.5.1/src/rp2_common/hardware_irq/irq_handler_chain.S.obj
                0x20000eb4                irq_handler_chain_slots
                0x20000ee4                irq_handler_chain_first_slot
                0x20000eee                irq_handler_chain_remove_tail
 .data.default_alarm_pool
                0x20000efc       0x18 CMakeFiles/blink.dir/C_/Users/PC/.pico-sdk/sdk/1.5.1/src/common/pico_time/time.c.obj
 .data.default_alarm_pool_heap
                0x20000f14       0x10 CMakeFiles/blink.dir/C_/Users/PC/.pico-sdk/sdk/1.5.1/src/common/pico_time/time.c.obj
 *fill*         0x20000f24        0xc 
 .data.aeabi_bits_funcs
                0x20000f30       0x10 CMakeFiles/blink.dir/C_/Users/PC/.pico-sdk/sdk/1.5.1/src/rp2_common/pico_bit_ops/bit_ops_aeabi.S.obj
                0x20000f30                aeabi_bits_funcs
                0x20000f40                aeabi_bits_funcs_end
 .data.aeabi_mem_funcs
                0x20000f40       0x10 CMakeFiles/blink.dir/C_/Users/PC/.pico-sdk/sdk/1.5.1/src/rp2_common/pico_mem_ops/mem_ops_aeabi.S.obj
                0x20000f40                aeabi_mem_funcs
                0x20000f50                aeabi_mem_funcs_end
 .data.stdio_usb
                0x20000f50       0x18 CMakeFiles/blink.dir/C_/Users/PC/.pico-sdk/sdk/1.5.1/src/rp2_common/pico_stdio_usb/stdio_usb.c.obj
                0x20000f50                stdio_usb
 .data.ep_dir_string
                0x20000f68        0x8 CMakeFiles/blink.dir/C_/Users/PC/.pico-sdk/sdk/1.5.1/lib/tinyusb/src/portable/raspberrypi/rp2040/rp2040_usb.c.obj
                0x20000f68                ep_dir_string
 .data._usbd_qdef
                0x20000f70       0x1c CMakeFiles/blink.dir/C_/Users/PC/.pico-sdk/sdk/1.5.1/lib/tinyusb/src/device/usbd.c.obj
                0x20000f70                _usbd_qdef
 .data._usbd_rhport
                0x20000f8c        0x1 CMakeFiles/blink.dir/C_/Users/PC/.pico-sdk/sdk/1.5.1/lib/tinyusb/src/device/usbd.c.obj
 .data.ucPrimaryCoreNum
                0x20000f8d        0x1 CMakeFiles/blink.dir/C_/Users/PC/.pico-sdk/sdk/1.5.1/lib/FreeRTOS-Kernel/portable/ThirdParty/GCC/RP2040/port.c.obj
 *fill*         0x20000f8e        0x2 
 .data.i2c0_inst
                0x20000f90        0x8 CMakeFiles/blink.dir/C_/Users/PC/.pico-sdk/sdk/1.5.1/src/rp2_common/hardware_i2c/i2c.c.obj
                0x20000f90                i2c0_inst
                0x20000f98                        . = ALIGN (0x4)
 *(.after_data.*)
                0x20000f98                        . = ALIGN (0x4)
                0x20000f98                        PROVIDE (__mutex_array_start = .)
 *(SORT_BY_NAME(.mutex_array.*))
 *(.mutex_array)
 .mutex_array   0x20000f98        0x8 CMakeFiles/blink.dir/C_/Users/PC/.pico-sdk/sdk/1.5.1/src/rp2_common/pico_malloc/pico_malloc.c.obj
 .mutex_array   0x20000fa0        0x8 CMakeFiles/blink.dir/C_/Users/PC/.pico-sdk/sdk/1.5.1/src/rp2_common/pico_stdio/stdio.c.obj
                0x20000fa8                        PROVIDE (__mutex_array_end = .)
                0x20000fa8                        . = ALIGN (0x4)
                0x20000fa8                        PROVIDE (__preinit_array_start = .)
 *(SORT_BY_NAME(.preinit_array.*))
 .preinit_array.00001
                0x20000fa8        0x4 CMakeFiles/blink.dir/C_/Users/PC/.pico-sdk/sdk/1.5.1/src/rp2_common/pico_mem_ops/mem_ops_aeabi.S.obj
 .preinit_array.00010
                0x20000fac        0x4 CMakeFiles/blink.dir/C_/Users/PC/.pico-sdk/sdk/1.5.1/src/rp2_common/pico_bit_ops/bit_ops_aeabi.S.obj
 .preinit_array.00020
                0x20000fb0        0x4 CMakeFiles/blink.dir/C_/Users/PC/.pico-sdk/sdk/1.5.1/src/rp2_common/pico_double/double_aeabi.S.obj
 .preinit_array.00020
                0x20000fb4        0x4 CMakeFiles/blink.dir/C_/Users/PC/.pico-sdk/sdk/1.5.1/src/rp2_common/pico_float/float_aeabi.S.obj
 *(.preinit_array)
                0x20000fb8                        PROVIDE (__preinit_array_end = .)
                0x20000fb8                        . = ALIGN (0x4)
                0x20000fb8                        PROVIDE (__init_array_start = .)
 *(SORT_BY_NAME(.init_array.*))
 *(.init_array)
 .init_array    0x20000fb8        0x4 C:/Users/PC/.pico-sdk/toolchain/13_2_Rel1/bin/../lib/gcc/arm-none-eabi/13.2.1/thumb/v6-m/nofp/crtbegin.o
 .init_array    0x20000fbc        0x4 CMakeFiles/blink.dir/C_/Users/PC/.pico-sdk/sdk/1.5.1/src/rp2_common/pico_unique_id/unique_id.c.obj
 .init_array    0x20000fc0        0x4 CMakeFiles/blink.dir/C_/Users/PC/.pico-sdk/sdk/1.5.1/lib/FreeRTOS-Kernel/portable/ThirdParty/GCC/RP2040/port.c.obj
                0x20000fc4                        PROVIDE (__init_array_end = .)
                0x20000fc4                        . = ALIGN (0x4)
                [!provide]                        PROVIDE (__fini_array_start = .)
 *(SORT_BY_NAME(.fini_array.*))
 *(.fini_array)
                [!provide]                        PROVIDE (__fini_array_end = .)
 *(.jcr)
                0x20000fc4                        . = ALIGN (0x4)
                0x20000fc4                        __data_end__ = .
                0x1000b04c                        __etext = LOADADDR (.data)

.tm_clone_table
                0x20000fc4        0x0 load address 0x1000bf50
 .tm_clone_table
                0x20000fc4        0x0 C:/Users/PC/.pico-sdk/toolchain/13_2_Rel1/bin/../lib/gcc/arm-none-eabi/13.2.1/thumb/v6-m/nofp/crtbegin.o
 .tm_clone_table
                0x20000fc4        0x0 C:/Users/PC/.pico-sdk/toolchain/13_2_Rel1/bin/../lib/gcc/arm-none-eabi/13.2.1/thumb/v6-m/nofp/crtend.o

.igot.plt       0x20000fc4        0x0 load address 0x1000bf50
 .igot.plt      0x20000fc4        0x0 C:/Users/PC/.pico-sdk/toolchain/13_2_Rel1/bin/../lib/gcc/arm-none-eabi/13.2.1/thumb/v6-m/nofp/crtbegin.o

.uninitialized_data
                0x20000fc4        0x0 load address 0x1000bf50
                0x20000fc4                        . = ALIGN (0x4)
 *(.uninitialized_data*)

.scratch_x      0x20040000        0x0 load address 0x1000bf50
                0x20040000                        __scratch_x_start__ = .
 *(.scratch_x.*)
                0x20040000                        . = ALIGN (0x4)
                0x20040000                        __scratch_x_end__ = .
                0x1000bf50                        __scratch_x_source__ = LOADADDR (.scratch_x)

.scratch_y      0x20041000        0x0 load address 0x1000bf50
                0x20041000                        __scratch_y_start__ = .
 *(.scratch_y.*)
                0x20041000                        . = ALIGN (0x4)
                0x20041000                        __scratch_y_end__ = .
                0x1000bf50                        __scratch_y_source__ = LOADADDR (.scratch_y)

.bss            0x20000fc8    0x211f0
                0x20000fc8                        . = ALIGN (0x4)
                0x20000fc8                        __bss_start__ = .
 *(SORT_BY_ALIGNMENT(SORT_BY_NAME(.bss*)))
 .bss.configured_freq
                0x20000fc8       0x28 CMakeFiles/blink.dir/C_/Users/PC/.pico-sdk/sdk/1.5.1/src/rp2_common/hardware_clocks/clocks.c.obj
 .bss.default_alarm_pool_entries
                0x20000ff0      0x100 CMakeFiles/blink.dir/C_/Users/PC/.pico-sdk/sdk/1.5.1/src/common/pico_time/time.c.obj
 .bss.last_avail_time.1
                0x200010f0        0x8 CMakeFiles/blink.dir/C_/Users/PC/.pico-sdk/sdk/1.5.1/src/rp2_common/pico_stdio_usb/stdio_usb.c.obj
 .bss.sd_table  0x200010f8      0x100 CMakeFiles/blink.dir/C_/Users/PC/.pico-sdk/sdk/1.5.1/src/rp2_common/pico_double/double_init_rom.c.obj
                0x200010f8                sd_table
 .bss.sf_table  0x200011f8      0x100 CMakeFiles/blink.dir/C_/Users/PC/.pico-sdk/sdk/1.5.1/src/rp2_common/pico_float/float_init_rom.c.obj
                0x200011f8                sf_table
 .bss.xQueueRegistry
                0x200012f8       0x40 CMakeFiles/blink.dir/C_/Users/PC/.pico-sdk/sdk/1.5.1/lib/FreeRTOS-Kernel/queue.c.obj
                0x200012f8                xQueueRegistry
 .bss.QueueAccel
                0x20001338        0x4 CMakeFiles/blink.dir/blink.c.obj
                0x20001338                QueueAccel
 .bss.QueueGyro
                0x2000133c        0x4 CMakeFiles/blink.dir/blink.c.obj
                0x2000133c                QueueGyro
 .bss.QueueLux  0x20001340        0x4 CMakeFiles/blink.dir/blink.c.obj
                0x20001340                QueueLux
 .bss.SemEnableUpdate
                0x20001344        0x4 CMakeFiles/blink.dir/blink.c.obj
                0x20001344                SemEnableUpdate
 .bss.SemReadAccel
                0x20001348        0x4 CMakeFiles/blink.dir/blink.c.obj
                0x20001348                SemReadAccel
 .bss.SemReadGyro
                0x2000134c        0x4 CMakeFiles/blink.dir/blink.c.obj
                0x2000134c                SemReadGyro